[2024-03-17T10:15:55.228+0000][0.544s] Using G1
[2024-03-17T10:15:55.491+0000][0.807s] Version: 17.0.10+7 (release)
[2024-03-17T10:15:55.494+0000][0.810s] CPUs: 8 total, 8 available
[2024-03-17T10:15:55.499+0000][0.815s] Memory: 1967M
[2024-03-17T10:15:55.503+0000][0.819s] Large Page Support: Disabled
[2024-03-17T10:15:55.508+0000][0.824s] NUMA Support: Disabled
[2024-03-17T10:15:55.511+0000][0.827s] Compressed Oops: Enabled (32-bit)
[2024-03-17T10:15:55.520+0000][0.836s] Heap Region Size: 1M
[2024-03-17T10:15:55.521+0000][0.837s] Heap Min Capacity: 512M
[2024-03-17T10:15:55.523+0000][0.839s] Heap Initial Capacity: 512M
[2024-03-17T10:15:55.524+0000][0.840s] Heap Max Capacity: 512M
[2024-03-17T10:15:55.526+0000][0.842s] Pre-touch: Enabled
[2024-03-17T10:15:55.533+0000][0.850s] Parallel Workers: 8
[2024-03-17T10:15:55.545+0000][0.861s] Concurrent Workers: 2
[2024-03-17T10:15:55.547+0000][0.863s] Concurrent Refinement Workers: 8
[2024-03-17T10:15:55.552+0000][0.868s] Periodic GC: Disabled
[2024-03-17T10:15:55.587+0000][0.904s] CDS archive(s) mapped at: [0x00007f5b7b000000-0x00007f5b7ba5f000-0x00007f5b7ba5f000), size 10874880, SharedBaseAddress: 0x00007f5b7b000000, ArchiveRelocationMode: 1.
[2024-03-17T10:15:55.594+0000][0.910s] Compressed class space mapped at: 0x00007f5b7c000000-0x00007f5bbc000000, reserved size: 1073741824
[2024-03-17T10:15:55.595+0000][0.912s] Narrow klass base: 0x00007f5b7b000000, Narrow klass shift: 0, Narrow klass range: 0x100000000
[2024-03-17T10:16:04.708+0000][10.025s] GC(0) Pause Young (Normal) (G1 Evacuation Pause)
[2024-03-17T10:16:04.719+0000][10.035s] GC(0) Using 8 workers of 8 for evacuation
[2024-03-17T10:16:04.814+0000][10.130s] GC(0)   Pre Evacuate Collection Set: 0.2ms
[2024-03-17T10:16:04.816+0000][10.132s] GC(0)   Merge Heap Roots: 1.2ms
[2024-03-17T10:16:04.817+0000][10.133s] GC(0)   Evacuate Collection Set: 72.1ms
[2024-03-17T10:16:04.819+0000][10.135s] GC(0)   Post Evacuate Collection Set: 18.2ms
[2024-03-17T10:16:04.823+0000][10.139s] GC(0)   Other: 18.5ms
[2024-03-17T10:16:04.825+0000][10.141s] GC(0) Eden regions: 29->0(41)
[2024-03-17T10:16:04.826+0000][10.143s] GC(0) Survivor regions: 0->4(4)
[2024-03-17T10:16:04.828+0000][10.144s] GC(0) Old regions: 0->1
[2024-03-17T10:16:04.830+0000][10.146s] GC(0) Archive regions: 2->2
[2024-03-17T10:16:04.833+0000][10.149s] GC(0) Humongous regions: 0->0
[2024-03-17T10:16:04.834+0000][10.150s] GC(0) Metaspace: 10010K(10304K)->10010K(10304K) NonClass: 8761K(8896K)->8761K(8896K) Class: 1248K(1408K)->1248K(1408K)
[2024-03-17T10:16:04.836+0000][10.152s] GC(0) Pause Young (Normal) (G1 Evacuation Pause) 29M->5M(512M) 127.470ms
[2024-03-17T10:16:04.845+0000][10.161s] GC(0) User=0.05s Sys=0.01s Real=0.14s
[2024-03-17T10:16:13.069+0000][18.384s] GC(1) Pause Young (Normal) (G1 Evacuation Pause)
[2024-03-17T10:16:13.093+0000][18.408s] GC(1) Using 8 workers of 8 for evacuation
[2024-03-17T10:16:14.445+0000][19.760s] GC(1) MMU target violated: 251.0ms (250.0ms/251.0ms)
[2024-03-17T10:16:14.446+0000][19.761s] GC(1)   Pre Evacuate Collection Set: 0.9ms
[2024-03-17T10:16:14.452+0000][19.766s] GC(1)   Merge Heap Roots: 0.3ms
[2024-03-17T10:16:14.456+0000][19.771s] GC(1)   Evacuate Collection Set: 1330.5ms
[2024-03-17T10:16:14.458+0000][19.773s] GC(1)   Post Evacuate Collection Set: 1.6ms
[2024-03-17T10:16:14.465+0000][19.780s] GC(1)   Other: 44.3ms
[2024-03-17T10:16:14.472+0000][19.787s] GC(1) Eden regions: 40->0(19)
[2024-03-17T10:16:14.483+0000][19.798s] GC(1) Survivor regions: 4->6(6)
[2024-03-17T10:16:14.486+0000][19.801s] GC(1) Old regions: 1->9
[2024-03-17T10:16:14.488+0000][19.803s] GC(1) Archive regions: 2->2
[2024-03-17T10:16:14.491+0000][19.806s] GC(1) Humongous regions: 4->4
[2024-03-17T10:16:14.500+0000][19.815s] GC(1) Metaspace: 17866K(18112K)->17866K(18112K) NonClass: 15653K(15808K)->15653K(15808K) Class: 2213K(2304K)->2213K(2304K)
[2024-03-17T10:16:14.506+0000][19.820s] GC(1) Pause Young (Normal) (G1 Evacuation Pause) 49M->19M(512M) 1436.612ms
[2024-03-17T10:16:14.507+0000][19.821s] GC(1) User=0.22s Sys=0.19s Real=1.44s
[2024-03-17T10:16:16.671+0000][21.986s] GC(2) Pause Young (Normal) (G1 Evacuation Pause)
[2024-03-17T10:16:16.674+0000][21.989s] GC(2) Using 8 workers of 8 for evacuation
[2024-03-17T10:16:16.925+0000][22.239s] GC(2)   Pre Evacuate Collection Set: 0.5ms
[2024-03-17T10:16:16.932+0000][22.246s] GC(2)   Merge Heap Roots: 0.2ms
[2024-03-17T10:16:16.940+0000][22.255s] GC(2)   Evacuate Collection Set: 238.5ms
[2024-03-17T10:16:16.952+0000][22.267s] GC(2)   Post Evacuate Collection Set: 6.4ms
[2024-03-17T10:16:16.958+0000][22.273s] GC(2)   Other: 7.6ms
[2024-03-17T10:16:16.960+0000][22.275s] GC(2) Eden regions: 19->0(21)
[2024-03-17T10:16:16.967+0000][22.282s] GC(2) Survivor regions: 6->4(4)
[2024-03-17T10:16:16.971+0000][22.286s] GC(2) Old regions: 9->15
[2024-03-17T10:16:16.983+0000][22.297s] GC(2) Archive regions: 2->2
[2024-03-17T10:16:16.984+0000][22.299s] GC(2) Humongous regions: 4->4
[2024-03-17T10:16:16.986+0000][22.301s] GC(2) Metaspace: 17943K(18304K)->17943K(18304K) NonClass: 15727K(15936K)->15727K(15936K) Class: 2215K(2368K)->2215K(2368K)
[2024-03-17T10:16:16.987+0000][22.302s] GC(2) Pause Young (Normal) (G1 Evacuation Pause) 38M->23M(512M) 316.024ms
[2024-03-17T10:16:17.006+0000][22.320s] GC(2) User=0.06s Sys=0.05s Real=0.33s
[2024-03-17T10:16:20.746+0000][26.060s] GC(3) Pause Young (Normal) (G1 Evacuation Pause)
[2024-03-17T10:16:20.755+0000][26.070s] GC(3) Using 8 workers of 8 for evacuation
[2024-03-17T10:16:20.893+0000][26.208s] GC(3)   Pre Evacuate Collection Set: 0.4ms
[2024-03-17T10:16:20.905+0000][26.220s] GC(3)   Merge Heap Roots: 0.6ms
[2024-03-17T10:16:20.908+0000][26.223s] GC(3)   Evacuate Collection Set: 132.4ms
[2024-03-17T10:16:20.931+0000][26.246s] GC(3)   Post Evacuate Collection Set: 2.2ms
[2024-03-17T10:16:20.934+0000][26.249s] GC(3)   Other: 11.9ms
[2024-03-17T10:16:20.936+0000][26.250s] GC(3) Eden regions: 21->0(27)
[2024-03-17T10:16:20.940+0000][26.255s] GC(3) Survivor regions: 4->1(4)
[2024-03-17T10:16:20.954+0000][26.269s] GC(3) Old regions: 15->19
[2024-03-17T10:16:20.958+0000][26.273s] GC(3) Archive regions: 2->2
[2024-03-17T10:16:20.959+0000][26.274s] GC(3) Humongous regions: 4->4
[2024-03-17T10:16:20.962+0000][26.277s] GC(3) Metaspace: 20412K(20736K)->20412K(20736K) NonClass: 17900K(18112K)->17900K(18112K) Class: 2512K(2624K)->2512K(2624K)
[2024-03-17T10:16:20.965+0000][26.280s] GC(3) Pause Young (Normal) (G1 Evacuation Pause) 44M->24M(512M) 219.622ms
[2024-03-17T10:16:20.966+0000][26.281s] GC(3) User=0.04s Sys=0.01s Real=0.22s
[2024-03-17T10:16:21.761+0000][27.076s] GC(4) Pause Young (Concurrent Start) (Metadata GC Threshold)
[2024-03-17T10:16:21.767+0000][27.082s] GC(4) Using 8 workers of 8 for evacuation
[2024-03-17T10:16:21.804+0000][27.119s] GC(4)   Pre Evacuate Collection Set: 0.4ms
[2024-03-17T10:16:21.807+0000][27.122s] GC(4)   Merge Heap Roots: 0.1ms
[2024-03-17T10:16:21.809+0000][27.124s] GC(4)   Evacuate Collection Set: 28.6ms
[2024-03-17T10:16:21.811+0000][27.126s] GC(4)   Post Evacuate Collection Set: 2.0ms
[2024-03-17T10:16:21.812+0000][27.127s] GC(4)   Other: 14.7ms
[2024-03-17T10:16:21.814+0000][27.129s] GC(4) Eden regions: 4->0(34)
[2024-03-17T10:16:21.820+0000][27.135s] GC(4) Survivor regions: 1->1(4)
[2024-03-17T10:16:21.822+0000][27.136s] GC(4) Old regions: 19->19
[2024-03-17T10:16:21.824+0000][27.139s] GC(4) Archive regions: 2->2
[2024-03-17T10:16:21.832+0000][27.147s] GC(4) Humongous regions: 4->4
[2024-03-17T10:16:21.835+0000][27.150s] GC(4) Metaspace: 21165K(21504K)->21165K(21504K) NonClass: 18549K(18688K)->18549K(18688K) Class: 2615K(2816K)->2615K(2816K)
[2024-03-17T10:16:21.837+0000][27.152s] GC(4) Pause Young (Concurrent Start) (Metadata GC Threshold) 28M->24M(512M) 76.189ms
[2024-03-17T10:16:21.841+0000][27.156s] GC(4) User=0.02s Sys=0.01s Real=0.08s
[2024-03-17T10:16:21.848+0000][27.162s] GC(5) Concurrent Mark Cycle
[2024-03-17T10:16:21.868+0000][27.183s] GC(5) Concurrent Clear Claimed Marks
[2024-03-17T10:16:21.869+0000][27.184s] GC(5) Concurrent Clear Claimed Marks 10.147ms
[2024-03-17T10:16:21.871+0000][27.186s] GC(5) Concurrent Scan Root Regions
[2024-03-17T10:16:21.901+0000][27.216s] GC(5) Concurrent Scan Root Regions 29.702ms
[2024-03-17T10:16:21.905+0000][27.220s] GC(5) Concurrent Mark
[2024-03-17T10:16:21.918+0000][27.232s] GC(5) Concurrent Mark From Roots
[2024-03-17T10:16:21.922+0000][27.237s] GC(5) Using 2 workers of 2 for marking
[2024-03-17T10:16:22.083+0000][27.397s] GC(5) Concurrent Mark From Roots 164.941ms
[2024-03-17T10:16:22.087+0000][27.402s] GC(5) Concurrent Preclean
[2024-03-17T10:16:22.103+0000][27.417s] GC(5) Concurrent Preclean 15.741ms
[2024-03-17T10:16:22.118+0000][27.433s] GC(5) Pause Remark
[2024-03-17T10:16:22.165+0000][27.479s] GC(5) Pause Remark 25M->25M(512M) 46.458ms
[2024-03-17T10:16:22.166+0000][27.481s] GC(5) User=0.02s Sys=0.00s Real=0.05s
[2024-03-17T10:16:22.167+0000][27.482s] GC(5) Concurrent Mark 262.309ms
[2024-03-17T10:16:22.170+0000][27.485s] GC(5) Concurrent Rebuild Remembered Sets
[2024-03-17T10:16:22.315+0000][27.630s] GC(5) Concurrent Rebuild Remembered Sets 144.212ms
[2024-03-17T10:16:22.322+0000][27.637s] GC(5) Pause Cleanup
[2024-03-17T10:16:22.323+0000][27.638s] GC(5) Pause Cleanup 26M->26M(512M) 1.453ms
[2024-03-17T10:16:22.324+0000][27.639s] GC(5) User=0.00s Sys=0.00s Real=0.00s
[2024-03-17T10:16:22.338+0000][27.652s] GC(5) Concurrent Cleanup for Next Mark
[2024-03-17T10:16:22.368+0000][27.682s] GC(5) Concurrent Cleanup for Next Mark 30.005ms
[2024-03-17T10:16:22.370+0000][27.685s] GC(5) Concurrent Mark Cycle 522.819ms
[2024-03-17T10:16:28.099+0000][33.414s] GC(6) Pause Young (Normal) (G1 Evacuation Pause)
[2024-03-17T10:16:28.102+0000][33.416s] GC(6) Using 8 workers of 8 for evacuation
[2024-03-17T10:16:28.128+0000][33.443s] GC(6)   Pre Evacuate Collection Set: 0.3ms
[2024-03-17T10:16:28.133+0000][33.448s] GC(6)   Merge Heap Roots: 0.2ms
[2024-03-17T10:16:28.134+0000][33.449s] GC(6)   Evacuate Collection Set: 23.1ms
[2024-03-17T10:16:28.141+0000][33.455s] GC(6)   Post Evacuate Collection Set: 1.2ms
[2024-03-17T10:16:28.145+0000][33.460s] GC(6)   Other: 4.7ms
[2024-03-17T10:16:28.148+0000][33.463s] GC(6) Eden regions: 35->0(38)
[2024-03-17T10:16:28.156+0000][33.471s] GC(6) Survivor regions: 1->3(5)
[2024-03-17T10:16:28.158+0000][33.473s] GC(6) Old regions: 19->19
[2024-03-17T10:16:28.160+0000][33.475s] GC(6) Archive regions: 2->2
[2024-03-17T10:16:28.164+0000][33.479s] GC(6) Humongous regions: 4->4
[2024-03-17T10:16:28.166+0000][33.481s] GC(6) Metaspace: 25463K(25792K)->25463K(25792K) NonClass: 22271K(22464K)->22271K(22464K) Class: 3192K(3328K)->3192K(3328K)
[2024-03-17T10:16:28.167+0000][33.482s] GC(6) Pause Young (Normal) (G1 Evacuation Pause) 59M->25M(512M) 68.330ms
[2024-03-17T10:16:28.168+0000][33.483s] GC(6) User=0.06s Sys=0.00s Real=0.07s
[2024-03-17T10:16:33.914+0000][39.228s] GC(7) Pause Young (Normal) (G1 Evacuation Pause)
[2024-03-17T10:16:33.920+0000][39.234s] GC(7) Using 8 workers of 8 for evacuation
[2024-03-17T10:16:34.036+0000][39.351s] GC(7)   Pre Evacuate Collection Set: 0.5ms
[2024-03-17T10:16:34.040+0000][39.355s] GC(7)   Merge Heap Roots: 0.2ms
[2024-03-17T10:16:34.042+0000][39.357s] GC(7)   Evacuate Collection Set: 109.5ms
[2024-03-17T10:16:34.043+0000][39.358s] GC(7)   Post Evacuate Collection Set: 4.1ms
[2024-03-17T10:16:34.049+0000][39.364s] GC(7)   Other: 10.4ms
[2024-03-17T10:16:34.052+0000][39.367s] GC(7) Eden regions: 38->0(31)
[2024-03-17T10:16:34.054+0000][39.369s] GC(7) Survivor regions: 3->6(6)
[2024-03-17T10:16:34.055+0000][39.369s] GC(7) Old regions: 19->19
[2024-03-17T10:16:34.055+0000][39.370s] GC(7) Archive regions: 2->2
[2024-03-17T10:16:34.057+0000][39.372s] GC(7) Humongous regions: 4->4
[2024-03-17T10:16:34.058+0000][39.373s] GC(7) Metaspace: 34041K(34368K)->34041K(34368K) NonClass: 29774K(29952K)->29774K(29952K) Class: 4266K(4416K)->4266K(4416K)
[2024-03-17T10:16:34.059+0000][39.374s] GC(7) Pause Young (Normal) (G1 Evacuation Pause) 63M->28M(512M) 145.439ms
[2024-03-17T10:16:34.061+0000][39.375s] GC(7) User=0.05s Sys=0.01s Real=0.15s
[2024-03-17T10:16:37.703+0000][43.018s] GC(8) Pause Young (Concurrent Start) (Metadata GC Threshold)
[2024-03-17T10:16:37.705+0000][43.020s] GC(8) Using 8 workers of 8 for evacuation
[2024-03-17T10:16:37.939+0000][43.254s] GC(8)   Pre Evacuate Collection Set: 0.4ms
[2024-03-17T10:16:37.941+0000][43.256s] GC(8)   Merge Heap Roots: 0.1ms
[2024-03-17T10:16:37.943+0000][43.258s] GC(8)   Evacuate Collection Set: 227.2ms
[2024-03-17T10:16:37.946+0000][43.261s] GC(8)   Post Evacuate Collection Set: 2.2ms
[2024-03-17T10:16:37.948+0000][43.263s] GC(8)   Other: 6.2ms
[2024-03-17T10:16:37.950+0000][43.265s] GC(8) Eden regions: 15->0(40)
[2024-03-17T10:16:37.952+0000][43.266s] GC(8) Survivor regions: 6->2(5)
[2024-03-17T10:16:37.953+0000][43.268s] GC(8) Old regions: 19->25
[2024-03-17T10:16:37.955+0000][43.269s] GC(8) Archive regions: 2->2
[2024-03-17T10:16:37.957+0000][43.272s] GC(8) Humongous regions: 4->4
[2024-03-17T10:16:37.959+0000][43.274s] GC(8) Metaspace: 35802K(36160K)->35802K(36160K) NonClass: 31298K(31488K)->31298K(31488K) Class: 4503K(4672K)->4503K(4672K)
[2024-03-17T10:16:37.961+0000][43.276s] GC(8) Pause Young (Concurrent Start) (Metadata GC Threshold) 43M->30M(512M) 257.850ms
[2024-03-17T10:16:37.964+0000][43.278s] GC(8) User=0.10s Sys=0.06s Real=0.26s
[2024-03-17T10:16:37.965+0000][43.279s] GC(9) Concurrent Mark Cycle
[2024-03-17T10:16:37.967+0000][43.282s] GC(9) Concurrent Clear Claimed Marks
[2024-03-17T10:16:37.969+0000][43.283s] GC(9) Concurrent Clear Claimed Marks 1.683ms
[2024-03-17T10:16:37.970+0000][43.285s] GC(9) Concurrent Scan Root Regions
[2024-03-17T10:16:37.989+0000][43.303s] GC(9) Concurrent Scan Root Regions 18.538ms
[2024-03-17T10:16:37.994+0000][43.309s] GC(9) Concurrent Mark
[2024-03-17T10:16:38.001+0000][43.316s] GC(9) Concurrent Mark From Roots
[2024-03-17T10:16:38.003+0000][43.318s] GC(9) Using 2 workers of 2 for marking
[2024-03-17T10:16:38.070+0000][43.385s] GC(9) Concurrent Mark From Roots 68.738ms
[2024-03-17T10:16:38.071+0000][43.386s] GC(9) Concurrent Preclean
[2024-03-17T10:16:38.073+0000][43.387s] GC(9) Concurrent Preclean 1.383ms
[2024-03-17T10:16:38.075+0000][43.390s] GC(9) Pause Remark
[2024-03-17T10:16:38.086+0000][43.400s] GC(9) Pause Remark 33M->33M(512M) 10.721ms
[2024-03-17T10:16:38.087+0000][43.401s] GC(9) User=0.03s Sys=0.00s Real=0.01s
[2024-03-17T10:16:38.088+0000][43.403s] GC(9) Concurrent Mark 94.216ms
[2024-03-17T10:16:38.089+0000][43.404s] GC(9) Concurrent Rebuild Remembered Sets
[2024-03-17T10:16:38.116+0000][43.430s] GC(9) Concurrent Rebuild Remembered Sets 26.333ms
[2024-03-17T10:16:38.118+0000][43.433s] GC(9) Pause Cleanup
[2024-03-17T10:16:38.121+0000][43.436s] GC(9) Pause Cleanup 33M->33M(512M) 3.100ms
[2024-03-17T10:16:38.124+0000][43.439s] GC(9) User=0.00s Sys=0.00s Real=0.01s
[2024-03-17T10:16:38.126+0000][43.441s] GC(9) Concurrent Cleanup for Next Mark
[2024-03-17T10:16:38.603+0000][43.918s] GC(9) Concurrent Cleanup for Next Mark 476.999ms
[2024-03-17T10:16:38.604+0000][43.919s] GC(9) Concurrent Mark Cycle 639.709ms
[2024-03-17T10:16:40.423+0000][45.712s] GC(10) Pause Young (Concurrent Start) (G1 Evacuation Pause)
[2024-03-17T10:16:40.430+0000][45.719s] GC(10) Using 8 workers of 8 for evacuation
[2024-03-17T10:16:40.479+0000][45.768s] GC(10)   Pre Evacuate Collection Set: 0.5ms
[2024-03-17T10:16:40.480+0000][45.769s] GC(10)   Merge Heap Roots: 0.2ms
[2024-03-17T10:16:40.481+0000][45.770s] GC(10)   Evacuate Collection Set: 44.8ms
[2024-03-17T10:16:40.484+0000][45.774s] GC(10)   Post Evacuate Collection Set: 1.9ms
[2024-03-17T10:16:40.485+0000][45.775s] GC(10)   Other: 8.9ms
[2024-03-17T10:16:40.487+0000][45.776s] GC(10) Eden regions: 43->0(38)
[2024-03-17T10:16:40.488+0000][45.778s] GC(10) Survivor regions: 2->5(6)
[2024-03-17T10:16:40.490+0000][45.780s] GC(10) Old regions: 25->25
[2024-03-17T10:16:40.491+0000][45.781s] GC(10) Archive regions: 2->2
[2024-03-17T10:16:40.492+0000][45.782s] GC(10) Humongous regions: 4->4
[2024-03-17T10:16:40.493+0000][45.783s] GC(10) Metaspace: 41613K(42048K)->41613K(42048K) NonClass: 36284K(36480K)->36284K(36480K) Class: 5329K(5568K)->5329K(5568K)
[2024-03-17T10:16:40.494+0000][45.784s] GC(10) Pause Young (Concurrent Start) (G1 Evacuation Pause) 73M->33M(512M) 71.837ms
[2024-03-17T10:16:40.496+0000][45.786s] GC(10) User=0.07s Sys=0.01s Real=0.08s
[2024-03-17T10:16:40.502+0000][45.792s] GC(11) Concurrent Mark Cycle
[2024-03-17T10:16:40.505+0000][45.794s] GC(11) Concurrent Clear Claimed Marks
[2024-03-17T10:16:40.507+0000][45.796s] GC(11) Concurrent Clear Claimed Marks 2.026ms
[2024-03-17T10:16:40.508+0000][45.798s] GC(11) Concurrent Scan Root Regions
[2024-03-17T10:16:40.517+0000][45.807s] GC(11) Concurrent Scan Root Regions 9.222ms
[2024-03-17T10:16:40.518+0000][45.808s] GC(11) Concurrent Mark
[2024-03-17T10:16:40.519+0000][45.809s] GC(11) Concurrent Mark From Roots
[2024-03-17T10:16:40.521+0000][45.811s] GC(11) Using 2 workers of 2 for marking
[2024-03-17T10:16:40.602+0000][45.892s] GC(11) Concurrent Mark From Roots 82.903ms
[2024-03-17T10:16:40.609+0000][45.899s] GC(11) Concurrent Preclean
[2024-03-17T10:16:40.611+0000][45.900s] GC(11) Concurrent Preclean 1.219ms
[2024-03-17T10:16:40.627+0000][45.917s] GC(11) Pause Remark
[2024-03-17T10:16:40.637+0000][45.927s] GC(11) Pause Remark 36M->36M(512M) 9.832ms
[2024-03-17T10:16:40.638+0000][45.928s] GC(11) User=0.02s Sys=0.00s Real=0.01s
[2024-03-17T10:16:40.643+0000][45.933s] GC(11) Concurrent Mark 125.275ms
[2024-03-17T10:16:40.645+0000][45.935s] GC(11) Concurrent Rebuild Remembered Sets
[2024-03-17T10:16:40.674+0000][45.964s] GC(11) Concurrent Rebuild Remembered Sets 29.310ms
[2024-03-17T10:16:40.678+0000][45.967s] GC(11) Pause Cleanup
[2024-03-17T10:16:40.682+0000][45.971s] GC(11) Pause Cleanup 36M->36M(512M) 4.094ms
[2024-03-17T10:16:40.683+0000][45.972s] GC(11) User=0.00s Sys=0.00s Real=0.00s
[2024-03-17T10:16:40.685+0000][45.974s] GC(11) Concurrent Cleanup for Next Mark
[2024-03-17T10:16:40.691+0000][45.981s] GC(11) Concurrent Cleanup for Next Mark 6.402ms
[2024-03-17T10:16:40.693+0000][45.982s] GC(11) Concurrent Mark Cycle 190.663ms
[2024-03-17T10:16:48.394+0000][53.684s] GC(12) Pause Young (Normal) (G1 Evacuation Pause)
[2024-03-17T10:16:48.399+0000][53.689s] GC(12) Using 8 workers of 8 for evacuation
[2024-03-17T10:16:48.573+0000][53.863s] GC(12)   Pre Evacuate Collection Set: 0.4ms
[2024-03-17T10:16:48.575+0000][53.864s] GC(12)   Merge Heap Roots: 0.5ms
[2024-03-17T10:16:48.576+0000][53.866s] GC(12)   Evacuate Collection Set: 160.1ms
[2024-03-17T10:16:48.577+0000][53.866s] GC(12)   Post Evacuate Collection Set: 6.1ms
[2024-03-17T10:16:48.578+0000][53.867s] GC(12)   Other: 11.8ms
[2024-03-17T10:16:48.579+0000][53.869s] GC(12) Eden regions: 48->0(37)
[2024-03-17T10:16:48.588+0000][53.877s] GC(12) Survivor regions: 5->7(7)
[2024-03-17T10:16:48.592+0000][53.882s] GC(12) Old regions: 25->26
[2024-03-17T10:16:48.594+0000][53.884s] GC(12) Archive regions: 2->2
[2024-03-17T10:16:48.596+0000][53.886s] GC(12) Humongous regions: 4->4
[2024-03-17T10:16:48.608+0000][53.898s] GC(12) Metaspace: 46418K(46784K)->46418K(46784K) NonClass: 40451K(40640K)->40451K(40640K) Class: 5966K(6144K)->5966K(6144K)
[2024-03-17T10:16:48.611+0000][53.900s] GC(12) Pause Young (Normal) (G1 Evacuation Pause) 81M->36M(512M) 216.698ms
[2024-03-17T10:16:48.613+0000][53.902s] GC(12) User=0.11s Sys=0.12s Real=0.21s
[2024-03-17T10:16:50.936+0000][56.226s] GC(13) Pause Young (Normal) (G1 Evacuation Pause)
[2024-03-17T10:16:50.944+0000][56.233s] GC(13) Using 8 workers of 8 for evacuation
[2024-03-17T10:16:51.132+0000][56.422s] GC(13)   Pre Evacuate Collection Set: 0.3ms
[2024-03-17T10:16:51.139+0000][56.429s] GC(13)   Merge Heap Roots: 0.2ms
[2024-03-17T10:16:51.142+0000][56.431s] GC(13)   Evacuate Collection Set: 181.9ms
[2024-03-17T10:16:51.145+0000][56.435s] GC(13)   Post Evacuate Collection Set: 3.8ms
[2024-03-17T10:16:51.147+0000][56.436s] GC(13)   Other: 10.0ms
[2024-03-17T10:16:51.148+0000][56.437s] GC(13) Eden regions: 37->0(36)
[2024-03-17T10:16:51.150+0000][56.440s] GC(13) Survivor regions: 7->6(6)
[2024-03-17T10:16:51.158+0000][56.448s] GC(13) Old regions: 26->32
[2024-03-17T10:16:51.160+0000][56.450s] GC(13) Archive regions: 2->2
[2024-03-17T10:16:51.178+0000][56.468s] GC(13) Humongous regions: 4->4
[2024-03-17T10:16:51.180+0000][56.470s] GC(13) Metaspace: 49271K(49728K)->49271K(49728K) NonClass: 42916K(43136K)->42916K(43136K) Class: 6354K(6592K)->6354K(6592K)
[2024-03-17T10:16:51.190+0000][56.480s] GC(13) Pause Young (Normal) (G1 Evacuation Pause) 73M->42M(512M) 254.142ms
[2024-03-17T10:16:51.196+0000][56.486s] GC(13) User=0.12s Sys=0.12s Real=0.26s
[2024-03-17T10:17:21.082+0000][86.398s] GC(14) Pause Young (Normal) (G1 Evacuation Pause)
[2024-03-17T10:17:21.083+0000][86.399s] GC(14) Using 8 workers of 8 for evacuation
[2024-03-17T10:17:21.140+0000][86.456s] GC(14)   Pre Evacuate Collection Set: 0.2ms
[2024-03-17T10:17:21.141+0000][86.457s] GC(14)   Merge Heap Roots: 0.1ms
[2024-03-17T10:17:21.142+0000][86.458s] GC(14)   Evacuate Collection Set: 52.8ms
[2024-03-17T10:17:21.144+0000][86.460s] GC(14)   Post Evacuate Collection Set: 2.2ms
[2024-03-17T10:17:21.146+0000][86.462s] GC(14)   Other: 2.4ms
[2024-03-17T10:17:21.147+0000][86.463s] GC(14) Eden regions: 36->0(58)
[2024-03-17T10:17:21.149+0000][86.465s] GC(14) Survivor regions: 6->3(6)
[2024-03-17T10:17:21.150+0000][86.466s] GC(14) Old regions: 32->38
[2024-03-17T10:17:21.151+0000][86.467s] GC(14) Archive regions: 2->2
[2024-03-17T10:17:21.152+0000][86.468s] GC(14) Humongous regions: 4->4
[2024-03-17T10:17:21.153+0000][86.469s] GC(14) Metaspace: 51712K(52224K)->51712K(52224K) NonClass: 45021K(45312K)->45021K(45312K) Class: 6690K(6912K)->6690K(6912K)
[2024-03-17T10:17:21.153+0000][86.469s] GC(14) Pause Young (Normal) (G1 Evacuation Pause) 78M->45M(512M) 71.045ms
[2024-03-17T10:17:21.154+0000][86.470s] GC(14) User=0.04s Sys=0.03s Real=0.07s
[2024-03-17T10:17:21.608+0000][86.924s] Heap
[2024-03-17T10:17:21.609+0000][86.925s]  garbage-first heap   total 524288K, used 56217K [0x00000000e0000000, 0x0000000100000000)
[2024-03-17T10:17:21.609+0000][86.925s]   region size 1024K, 13 young (13312K), 3 survivors (3072K)
[2024-03-17T10:17:21.611+0000][86.927s]  Metaspace       used 51979K, committed 52480K, reserved 1114112K
[2024-03-17T10:17:21.611+0000][86.927s]   class space    used 6729K, committed 6976K, reserved 1048576K
