[2024-03-17T10:26:05.853+0000][0.643s] Using G1
[2024-03-17T10:26:06.127+0000][0.917s] Version: 17.0.10+7 (release)
[2024-03-17T10:26:06.132+0000][0.922s] CPUs: 8 total, 8 available
[2024-03-17T10:26:06.138+0000][0.928s] Memory: 1967M
[2024-03-17T10:26:06.139+0000][0.929s] Large Page Support: Disabled
[2024-03-17T10:26:06.141+0000][0.931s] NUMA Support: Disabled
[2024-03-17T10:26:06.143+0000][0.932s] Compressed Oops: Enabled (32-bit)
[2024-03-17T10:26:06.145+0000][0.935s] Heap Region Size: 1M
[2024-03-17T10:26:06.147+0000][0.936s] Heap Min Capacity: 512M
[2024-03-17T10:26:06.149+0000][0.938s] Heap Initial Capacity: 512M
[2024-03-17T10:26:06.157+0000][0.947s] Heap Max Capacity: 512M
[2024-03-17T10:26:06.160+0000][0.950s] Pre-touch: Enabled
[2024-03-17T10:26:06.163+0000][0.953s] Parallel Workers: 8
[2024-03-17T10:26:06.164+0000][0.954s] Concurrent Workers: 2
[2024-03-17T10:26:06.165+0000][0.954s] Concurrent Refinement Workers: 8
[2024-03-17T10:26:06.174+0000][0.964s] Periodic GC: Disabled
[2024-03-17T10:26:06.256+0000][1.045s] CDS archive(s) mapped at: [0x00007febf7000000-0x00007febf7a5f000-0x00007febf7a5f000), size 10874880, SharedBaseAddress: 0x00007febf7000000, ArchiveRelocationMode: 1.
[2024-03-17T10:26:06.258+0000][1.048s] Compressed class space mapped at: 0x00007febf8000000-0x00007fec38000000, reserved size: 1073741824
[2024-03-17T10:26:06.259+0000][1.048s] Narrow klass base: 0x00007febf7000000, Narrow klass shift: 0, Narrow klass range: 0x100000000
[2024-03-17T10:26:17.132+0000][11.921s] GC(0) Pause Young (Normal) (G1 Evacuation Pause)
[2024-03-17T10:26:17.144+0000][11.933s] GC(0) Using 8 workers of 8 for evacuation
[2024-03-17T10:26:17.269+0000][12.058s] GC(0)   Pre Evacuate Collection Set: 49.0ms
[2024-03-17T10:26:17.271+0000][12.061s] GC(0)   Merge Heap Roots: 1.6ms
[2024-03-17T10:26:17.272+0000][12.061s] GC(0)   Evacuate Collection Set: 33.9ms
[2024-03-17T10:26:17.274+0000][12.063s] GC(0)   Post Evacuate Collection Set: 30.0ms
[2024-03-17T10:26:17.277+0000][12.066s] GC(0)   Other: 22.4ms
[2024-03-17T10:26:17.278+0000][12.067s] GC(0) Eden regions: 29->0(39)
[2024-03-17T10:26:17.280+0000][12.069s] GC(0) Survivor regions: 0->4(4)
[2024-03-17T10:26:17.286+0000][12.075s] GC(0) Old regions: 0->1
[2024-03-17T10:26:17.291+0000][12.081s] GC(0) Archive regions: 2->2
[2024-03-17T10:26:17.297+0000][12.087s] GC(0) Humongous regions: 0->0
[2024-03-17T10:26:17.303+0000][12.092s] GC(0) Metaspace: 9888K(10112K)->9888K(10112K) NonClass: 8668K(8768K)->8668K(8768K) Class: 1219K(1344K)->1219K(1344K)
[2024-03-17T10:26:17.309+0000][12.099s] GC(0) Pause Young (Normal) (G1 Evacuation Pause) 29M->5M(512M) 176.406ms
[2024-03-17T10:26:17.311+0000][12.100s] GC(0) User=0.07s Sys=0.01s Real=0.18s
[2024-03-17T10:26:22.380+0000][17.169s] GC(1) Pause Young (Normal) (G1 Evacuation Pause)
[2024-03-17T10:26:22.388+0000][17.177s] GC(1) Using 8 workers of 8 for evacuation
[2024-03-17T10:26:22.777+0000][17.566s] GC(1) MMU target violated: 251.0ms (250.0ms/251.0ms)
[2024-03-17T10:26:22.779+0000][17.568s] GC(1)   Pre Evacuate Collection Set: 0.6ms
[2024-03-17T10:26:22.780+0000][17.570s] GC(1)   Merge Heap Roots: 0.2ms
[2024-03-17T10:26:22.783+0000][17.572s] GC(1)   Evacuate Collection Set: 382.5ms
[2024-03-17T10:26:22.797+0000][17.586s] GC(1)   Post Evacuate Collection Set: 2.5ms
[2024-03-17T10:26:22.800+0000][17.589s] GC(1)   Other: 12.6ms
[2024-03-17T10:26:22.803+0000][17.592s] GC(1) Eden regions: 37->0(26)
[2024-03-17T10:26:22.805+0000][17.594s] GC(1) Survivor regions: 4->6(6)
[2024-03-17T10:26:22.806+0000][17.596s] GC(1) Old regions: 1->8
[2024-03-17T10:26:22.809+0000][17.598s] GC(1) Archive regions: 2->2
[2024-03-17T10:26:22.811+0000][17.600s] GC(1) Humongous regions: 4->4
[2024-03-17T10:26:22.812+0000][17.601s] GC(1) Metaspace: 17810K(18048K)->17810K(18048K) NonClass: 15596K(15744K)->15596K(15744K) Class: 2213K(2304K)->2213K(2304K)
[2024-03-17T10:26:22.813+0000][17.602s] GC(1) Pause Young (Normal) (G1 Evacuation Pause) 46M->18M(512M) 432.362ms
[2024-03-17T10:26:22.813+0000][17.602s] GC(1) User=0.19s Sys=0.09s Real=0.43s
[2024-03-17T10:26:24.812+0000][19.601s] GC(2) Pause Young (Normal) (G1 Evacuation Pause)
[2024-03-17T10:26:24.814+0000][19.603s] GC(2) Using 8 workers of 8 for evacuation
[2024-03-17T10:26:24.949+0000][19.738s] GC(2)   Pre Evacuate Collection Set: 1.9ms
[2024-03-17T10:26:24.951+0000][19.741s] GC(2)   Merge Heap Roots: 0.2ms
[2024-03-17T10:26:24.959+0000][19.748s] GC(2)   Evacuate Collection Set: 130.7ms
[2024-03-17T10:26:24.960+0000][19.749s] GC(2)   Post Evacuate Collection Set: 1.0ms
[2024-03-17T10:26:24.961+0000][19.750s] GC(2)   Other: 4.4ms
[2024-03-17T10:26:24.962+0000][19.752s] GC(2) Eden regions: 25->0(31)
[2024-03-17T10:26:24.963+0000][19.753s] GC(2) Survivor regions: 6->4(4)
[2024-03-17T10:26:24.964+0000][19.753s] GC(2) Old regions: 8->15
[2024-03-17T10:26:24.966+0000][19.755s] GC(2) Archive regions: 2->2
[2024-03-17T10:26:24.967+0000][19.756s] GC(2) Humongous regions: 4->4
[2024-03-17T10:26:24.972+0000][19.761s] GC(2) Metaspace: 17935K(18240K)->17935K(18240K) NonClass: 15719K(15872K)->15719K(15872K) Class: 2216K(2368K)->2216K(2368K)
[2024-03-17T10:26:24.975+0000][19.764s] GC(2) Pause Young (Normal) (G1 Evacuation Pause) 43M->22M(512M) 163.549ms
[2024-03-17T10:26:24.979+0000][19.769s] GC(2) User=0.06s Sys=0.04s Real=0.17s
[2024-03-17T10:26:27.544+0000][22.334s] GC(3) Pause Young (Concurrent Start) (Metadata GC Threshold)
[2024-03-17T10:26:27.556+0000][22.345s] GC(3) Using 8 workers of 8 for evacuation
[2024-03-17T10:26:27.666+0000][22.455s] GC(3)   Pre Evacuate Collection Set: 3.0ms
[2024-03-17T10:26:27.669+0000][22.458s] GC(3)   Merge Heap Roots: 0.3ms
[2024-03-17T10:26:27.669+0000][22.459s] GC(3)   Evacuate Collection Set: 99.9ms
[2024-03-17T10:26:27.671+0000][22.460s] GC(3)   Post Evacuate Collection Set: 1.0ms
[2024-03-17T10:26:27.673+0000][22.462s] GC(3)   Other: 17.7ms
[2024-03-17T10:26:27.674+0000][22.463s] GC(3) Eden regions: 23->0(91)
[2024-03-17T10:26:27.675+0000][22.464s] GC(3) Survivor regions: 4->2(5)
[2024-03-17T10:26:27.678+0000][22.467s] GC(3) Old regions: 15->19
[2024-03-17T10:26:27.680+0000][22.469s] GC(3) Archive regions: 2->2
[2024-03-17T10:26:27.681+0000][22.470s] GC(3) Humongous regions: 4->4
[2024-03-17T10:26:27.682+0000][22.471s] GC(3) Metaspace: 21153K(21504K)->21153K(21504K) NonClass: 18537K(18688K)->18537K(18688K) Class: 2615K(2816K)->2615K(2816K)
[2024-03-17T10:26:27.684+0000][22.473s] GC(3) Pause Young (Concurrent Start) (Metadata GC Threshold) 45M->24M(512M) 139.579ms
[2024-03-17T10:26:27.685+0000][22.474s] GC(3) User=0.13s Sys=0.03s Real=0.14s
[2024-03-17T10:26:27.691+0000][22.480s] GC(4) Concurrent Mark Cycle
[2024-03-17T10:26:27.693+0000][22.482s] GC(4) Concurrent Clear Claimed Marks
[2024-03-17T10:26:27.695+0000][22.484s] GC(4) Concurrent Clear Claimed Marks 1.618ms
[2024-03-17T10:26:27.696+0000][22.485s] GC(4) Concurrent Scan Root Regions
[2024-03-17T10:26:27.733+0000][22.522s] GC(4) Concurrent Scan Root Regions 36.904ms
[2024-03-17T10:26:27.743+0000][22.532s] GC(4) Concurrent Mark
[2024-03-17T10:26:27.747+0000][22.537s] GC(4) Concurrent Mark From Roots
[2024-03-17T10:26:27.748+0000][22.538s] GC(4) Using 2 workers of 2 for marking
[2024-03-17T10:26:27.851+0000][22.640s] GC(4) Concurrent Mark From Roots 103.163ms
[2024-03-17T10:26:27.855+0000][22.644s] GC(4) Concurrent Preclean
[2024-03-17T10:26:27.856+0000][22.645s] GC(4) Concurrent Preclean 1.263ms
[2024-03-17T10:26:27.857+0000][22.647s] GC(4) Pause Remark
[2024-03-17T10:26:27.881+0000][22.670s] GC(4) Pause Remark 26M->26M(512M) 23.741ms
[2024-03-17T10:26:27.882+0000][22.671s] GC(4) User=0.01s Sys=0.00s Real=0.02s
[2024-03-17T10:26:27.886+0000][22.675s] GC(4) Concurrent Mark 146.879ms
[2024-03-17T10:26:27.890+0000][22.679s] GC(4) Concurrent Rebuild Remembered Sets
[2024-03-17T10:26:27.917+0000][22.707s] GC(4) Concurrent Rebuild Remembered Sets 27.235ms
[2024-03-17T10:26:27.924+0000][22.713s] GC(4) Pause Cleanup
[2024-03-17T10:26:27.926+0000][22.715s] GC(4) Pause Cleanup 26M->26M(512M) 1.534ms
[2024-03-17T10:26:27.928+0000][22.717s] GC(4) User=0.00s Sys=0.00s Real=0.01s
[2024-03-17T10:26:27.930+0000][22.719s] GC(4) Concurrent Cleanup for Next Mark
[2024-03-17T10:26:27.946+0000][22.736s] GC(4) Concurrent Cleanup for Next Mark 16.226ms
[2024-03-17T10:26:27.948+0000][22.738s] GC(4) Concurrent Mark Cycle 257.375ms
[2024-03-17T10:26:51.458+0000][46.148s] GC(5) Pause Young (Prepare Mixed) (GCLocker Initiated GC)
[2024-03-17T10:26:51.465+0000][46.154s] GC(5) Using 8 workers of 8 for evacuation
[2024-03-17T10:26:51.786+0000][46.476s] GC(5) MMU target violated: 251.0ms (250.0ms/251.0ms)
[2024-03-17T10:26:51.789+0000][46.479s] GC(5)   Pre Evacuate Collection Set: 39.1ms
[2024-03-17T10:26:51.792+0000][46.481s] GC(5)   Merge Heap Roots: 13.4ms
[2024-03-17T10:26:51.797+0000][46.486s] GC(5)   Evacuate Collection Set: 237.8ms
[2024-03-17T10:26:51.798+0000][46.488s] GC(5)   Post Evacuate Collection Set: 21.4ms
[2024-03-17T10:26:51.804+0000][46.493s] GC(5)   Other: 23.4ms
[2024-03-17T10:26:51.806+0000][46.495s] GC(5) Eden regions: 94->0(18)
[2024-03-17T10:26:51.807+0000][46.497s] GC(5) Survivor regions: 2->7(15)
[2024-03-17T10:26:51.808+0000][46.498s] GC(5) Old regions: 19->19
[2024-03-17T10:26:51.811+0000][46.501s] GC(5) Archive regions: 2->2
[2024-03-17T10:26:51.812+0000][46.502s] GC(5) Humongous regions: 4->4
[2024-03-17T10:26:51.814+0000][46.503s] GC(5) Metaspace: 35878K(36352K)->35878K(36352K) NonClass: 31384K(31616K)->31384K(31616K) Class: 4493K(4736K)->4493K(4736K)
[2024-03-17T10:26:51.815+0000][46.504s] GC(5) Pause Young (Prepare Mixed) (GCLocker Initiated GC) 117M->29M(512M) 357.217ms
[2024-03-17T10:26:51.821+0000][46.511s] GC(5) User=0.13s Sys=0.10s Real=0.36s
[2024-03-17T10:26:52.032+0000][46.722s] GC(6) Pause Young (Mixed) (Metadata GC Threshold)
[2024-03-17T10:26:52.037+0000][46.726s] GC(6) Using 8 workers of 8 for evacuation
[2024-03-17T10:26:52.410+0000][47.099s] GC(6) MMU target violated: 251.0ms (250.0ms/251.0ms)
[2024-03-17T10:26:52.412+0000][47.102s] GC(6)   Pre Evacuate Collection Set: 0.4ms
[2024-03-17T10:26:52.416+0000][47.106s] GC(6)   Merge Heap Roots: 0.2ms
[2024-03-17T10:26:52.423+0000][47.112s] GC(6)   Evacuate Collection Set: 362.2ms
[2024-03-17T10:26:52.427+0000][47.116s] GC(6)   Post Evacuate Collection Set: 5.2ms
[2024-03-17T10:26:52.430+0000][47.119s] GC(6)   Other: 12.0ms
[2024-03-17T10:26:52.435+0000][47.124s] GC(6) Eden regions: 3->0(31)
[2024-03-17T10:26:52.439+0000][47.128s] GC(6) Survivor regions: 7->1(4)
[2024-03-17T10:26:52.444+0000][47.133s] GC(6) Old regions: 19->25
[2024-03-17T10:26:52.446+0000][47.135s] GC(6) Archive regions: 2->2
[2024-03-17T10:26:52.447+0000][47.137s] GC(6) Humongous regions: 4->4
[2024-03-17T10:26:52.454+0000][47.143s] GC(6) Metaspace: 36261K(36608K)->36261K(36608K) NonClass: 31712K(31872K)->31712K(31872K) Class: 4549K(4736K)->4549K(4736K)
[2024-03-17T10:26:52.479+0000][47.168s] GC(6) Pause Young (Mixed) (Metadata GC Threshold) 32M->30M(512M) 446.431ms
[2024-03-17T10:26:52.491+0000][47.181s] GC(6) User=0.16s Sys=0.12s Real=0.46s
[2024-03-17T10:26:52.561+0000][47.251s] GC(7) Pause Young (Concurrent Start) (Metadata GC Threshold)
[2024-03-17T10:26:52.563+0000][47.253s] GC(7) Using 8 workers of 8 for evacuation
[2024-03-17T10:26:52.589+0000][47.278s] GC(7)   Pre Evacuate Collection Set: 0.3ms
[2024-03-17T10:26:52.590+0000][47.279s] GC(7)   Merge Heap Roots: 0.2ms
[2024-03-17T10:26:52.592+0000][47.282s] GC(7)   Evacuate Collection Set: 9.0ms
[2024-03-17T10:26:52.594+0000][47.283s] GC(7)   Post Evacuate Collection Set: 1.4ms
[2024-03-17T10:26:52.595+0000][47.285s] GC(7)   Other: 16.5ms
[2024-03-17T10:26:52.597+0000][47.287s] GC(7) Eden regions: 2->0(38)
[2024-03-17T10:26:52.598+0000][47.288s] GC(7) Survivor regions: 1->1(4)
[2024-03-17T10:26:52.601+0000][47.291s] GC(7) Old regions: 25->25
[2024-03-17T10:26:52.604+0000][47.293s] GC(7) Archive regions: 2->2
[2024-03-17T10:26:52.607+0000][47.296s] GC(7) Humongous regions: 4->4
[2024-03-17T10:26:52.610+0000][47.299s] GC(7) Metaspace: 36548K(36928K)->36548K(36928K) NonClass: 31962K(32128K)->31962K(32128K) Class: 4586K(4800K)->4586K(4800K)
[2024-03-17T10:26:52.612+0000][47.302s] GC(7) Pause Young (Concurrent Start) (Metadata GC Threshold) 32M->29M(512M) 51.115ms
[2024-03-17T10:26:52.614+0000][47.303s] GC(7) User=0.01s Sys=0.00s Real=0.05s
[2024-03-17T10:26:52.618+0000][47.307s] GC(8) Concurrent Mark Cycle
[2024-03-17T10:26:52.623+0000][47.312s] GC(8) Concurrent Clear Claimed Marks
[2024-03-17T10:26:52.624+0000][47.314s] GC(8) Concurrent Clear Claimed Marks 1.249ms
[2024-03-17T10:26:52.634+0000][47.323s] GC(8) Concurrent Scan Root Regions
[2024-03-17T10:26:52.644+0000][47.334s] GC(8) Concurrent Scan Root Regions 10.852ms
[2024-03-17T10:26:52.646+0000][47.336s] GC(8) Concurrent Mark
[2024-03-17T10:26:52.658+0000][47.348s] GC(8) Concurrent Mark From Roots
[2024-03-17T10:26:52.664+0000][47.354s] GC(8) Using 2 workers of 2 for marking
[2024-03-17T10:26:52.901+0000][47.591s] GC(8) Concurrent Mark From Roots 243.183ms
[2024-03-17T10:26:52.907+0000][47.597s] GC(8) Concurrent Preclean
[2024-03-17T10:26:52.911+0000][47.600s] GC(8) Concurrent Preclean 3.018ms
[2024-03-17T10:26:52.914+0000][47.603s] GC(8) Pause Remark
[2024-03-17T10:26:52.933+0000][47.622s] GC(8) Pause Remark 32M->32M(512M) 19.051ms
[2024-03-17T10:26:52.935+0000][47.624s] GC(8) User=0.02s Sys=0.00s Real=0.02s
[2024-03-17T10:26:52.946+0000][47.635s] GC(8) Concurrent Mark 299.797ms
[2024-03-17T10:26:52.947+0000][47.637s] GC(8) Concurrent Rebuild Remembered Sets
[2024-03-17T10:26:52.990+0000][47.679s] GC(8) Concurrent Rebuild Remembered Sets 42.863ms
[2024-03-17T10:26:52.996+0000][47.685s] GC(8) Pause Cleanup
[2024-03-17T10:26:53.003+0000][47.693s] GC(8) Pause Cleanup 32M->32M(512M) 7.348ms
[2024-03-17T10:26:53.005+0000][47.695s] GC(8) User=0.00s Sys=0.00s Real=0.01s
[2024-03-17T10:26:53.007+0000][47.697s] GC(8) Concurrent Cleanup for Next Mark
[2024-03-17T10:26:53.825+0000][48.514s] GC(8) Concurrent Cleanup for Next Mark 817.604ms
[2024-03-17T10:26:53.827+0000][48.516s] GC(8) Concurrent Mark Cycle 1208.637ms
[2024-03-17T10:26:57.946+0000][52.636s] GC(9) Pause Young (Concurrent Start) (G1 Evacuation Pause)
[2024-03-17T10:26:57.948+0000][52.637s] GC(9) Using 8 workers of 8 for evacuation
[2024-03-17T10:26:57.992+0000][52.681s] GC(9)   Pre Evacuate Collection Set: 0.4ms
[2024-03-17T10:26:57.993+0000][52.683s] GC(9)   Merge Heap Roots: 0.2ms
[2024-03-17T10:26:57.995+0000][52.685s] GC(9)   Evacuate Collection Set: 40.6ms
[2024-03-17T10:26:57.996+0000][52.685s] GC(9)   Post Evacuate Collection Set: 1.1ms
[2024-03-17T10:26:57.997+0000][52.687s] GC(9)   Other: 3.6ms
[2024-03-17T10:26:57.998+0000][52.688s] GC(9) Eden regions: 47->0(42)
[2024-03-17T10:26:58.000+0000][52.689s] GC(9) Survivor regions: 1->4(6)
[2024-03-17T10:26:58.002+0000][52.692s] GC(9) Old regions: 25->25
[2024-03-17T10:26:58.003+0000][52.692s] GC(9) Archive regions: 2->2
[2024-03-17T10:26:58.005+0000][52.694s] GC(9) Humongous regions: 4->4
[2024-03-17T10:26:58.006+0000][52.696s] GC(9) Metaspace: 42104K(42560K)->42104K(42560K) NonClass: 36733K(36992K)->36733K(36992K) Class: 5371K(5568K)->5371K(5568K)
[2024-03-17T10:26:58.007+0000][52.696s] GC(9) Pause Young (Concurrent Start) (G1 Evacuation Pause) 76M->32M(512M) 60.915ms
[2024-03-17T10:26:58.008+0000][52.697s] GC(9) User=0.06s Sys=0.02s Real=0.07s
[2024-03-17T10:26:58.008+0000][52.698s] GC(10) Concurrent Mark Cycle
[2024-03-17T10:26:58.010+0000][52.700s] GC(10) Concurrent Clear Claimed Marks
[2024-03-17T10:26:58.012+0000][52.701s] GC(10) Concurrent Clear Claimed Marks 1.785ms
[2024-03-17T10:26:58.013+0000][52.702s] GC(10) Concurrent Scan Root Regions
[2024-03-17T10:26:58.021+0000][52.710s] GC(10) Concurrent Scan Root Regions 7.920ms
[2024-03-17T10:26:58.024+0000][52.713s] GC(10) Concurrent Mark
[2024-03-17T10:26:58.025+0000][52.714s] GC(10) Concurrent Mark From Roots
[2024-03-17T10:26:58.026+0000][52.715s] GC(10) Using 2 workers of 2 for marking
[2024-03-17T10:26:58.073+0000][52.762s] GC(10) Concurrent Mark From Roots 48.446ms
[2024-03-17T10:26:58.075+0000][52.765s] GC(10) Concurrent Preclean
[2024-03-17T10:26:58.081+0000][52.770s] GC(10) Concurrent Preclean 5.297ms
[2024-03-17T10:26:58.102+0000][52.792s] GC(10) Pause Remark
[2024-03-17T10:26:58.108+0000][52.797s] GC(10) Pause Remark 34M->34M(512M) 5.613ms
[2024-03-17T10:26:58.109+0000][52.799s] GC(10) User=0.01s Sys=0.00s Real=0.01s
[2024-03-17T10:26:58.111+0000][52.800s] GC(10) Concurrent Mark 87.394ms
[2024-03-17T10:26:58.112+0000][52.802s] GC(10) Concurrent Rebuild Remembered Sets
[2024-03-17T10:26:58.137+0000][52.826s] GC(10) Concurrent Rebuild Remembered Sets 24.560ms
[2024-03-17T10:26:58.138+0000][52.828s] GC(10) Pause Cleanup
[2024-03-17T10:26:58.140+0000][52.829s] GC(10) Pause Cleanup 35M->35M(512M) 1.666ms
[2024-03-17T10:26:58.141+0000][52.831s] GC(10) User=0.01s Sys=0.00s Real=0.00s
[2024-03-17T10:26:58.144+0000][52.834s] GC(10) Concurrent Cleanup for Next Mark
[2024-03-17T10:26:58.148+0000][52.837s] GC(10) Concurrent Cleanup for Next Mark 3.167ms
[2024-03-17T10:26:58.151+0000][52.840s] GC(10) Concurrent Mark Cycle 142.676ms
[2024-03-17T10:27:04.256+0000][58.946s] GC(11) Pause Young (Normal) (G1 Evacuation Pause)
[2024-03-17T10:27:04.258+0000][58.947s] GC(11) Using 8 workers of 8 for evacuation
[2024-03-17T10:27:04.309+0000][58.998s] GC(11)   Pre Evacuate Collection Set: 0.3ms
[2024-03-17T10:27:04.310+0000][59.000s] GC(11)   Merge Heap Roots: 0.1ms
[2024-03-17T10:27:04.311+0000][59.001s] GC(11)   Evacuate Collection Set: 48.1ms
[2024-03-17T10:27:04.312+0000][59.001s] GC(11)   Post Evacuate Collection Set: 1.0ms
[2024-03-17T10:27:04.313+0000][59.002s] GC(11)   Other: 3.2ms
[2024-03-17T10:27:04.314+0000][59.003s] GC(11) Eden regions: 49->0(38)
[2024-03-17T10:27:04.314+0000][59.004s] GC(11) Survivor regions: 4->7(7)
[2024-03-17T10:27:04.315+0000][59.004s] GC(11) Old regions: 25->27
[2024-03-17T10:27:04.316+0000][59.006s] GC(11) Archive regions: 2->2
[2024-03-17T10:27:04.319+0000][59.008s] GC(11) Humongous regions: 4->4
[2024-03-17T10:27:04.320+0000][59.010s] GC(11) Metaspace: 46554K(47040K)->46554K(47040K) NonClass: 40587K(40832K)->40587K(40832K) Class: 5966K(6208K)->5966K(6208K)
[2024-03-17T10:27:04.321+0000][59.011s] GC(11) Pause Young (Normal) (G1 Evacuation Pause) 81M->38M(512M) 64.923ms
[2024-03-17T10:27:04.324+0000][59.013s] GC(11) User=0.07s Sys=0.02s Real=0.07s
[2024-03-17T10:27:09.331+0000][64.020s] GC(12) Pause Young (Normal) (G1 Evacuation Pause)
[2024-03-17T10:27:09.332+0000][64.021s] GC(12) Using 8 workers of 8 for evacuation
[2024-03-17T10:27:09.508+0000][64.197s] GC(12)   Pre Evacuate Collection Set: 0.4ms
[2024-03-17T10:27:09.509+0000][64.198s] GC(12)   Merge Heap Roots: 0.1ms
[2024-03-17T10:27:09.510+0000][64.200s] GC(12)   Evacuate Collection Set: 165.6ms
[2024-03-17T10:27:09.511+0000][64.201s] GC(12)   Post Evacuate Collection Set: 1.6ms
[2024-03-17T10:27:09.513+0000][64.203s] GC(12)   Other: 9.6ms
[2024-03-17T10:27:09.515+0000][64.205s] GC(12) Eden regions: 38->0(45)
[2024-03-17T10:27:09.518+0000][64.208s] GC(12) Survivor regions: 7->6(6)
[2024-03-17T10:27:09.520+0000][64.210s] GC(12) Old regions: 27->34
[2024-03-17T10:27:09.521+0000][64.210s] GC(12) Archive regions: 2->2
[2024-03-17T10:27:09.522+0000][64.212s] GC(12) Humongous regions: 4->4
[2024-03-17T10:27:09.523+0000][64.213s] GC(12) Metaspace: 50239K(50688K)->50239K(50688K) NonClass: 43784K(44032K)->43784K(44032K) Class: 6454K(6656K)->6454K(6656K)
[2024-03-17T10:27:09.524+0000][64.214s] GC(12) Pause Young (Normal) (G1 Evacuation Pause) 76M->43M(512M) 193.670ms
[2024-03-17T10:27:09.525+0000][64.214s] GC(12) User=0.11s Sys=0.06s Real=0.19s
