[2024-03-15T12:19:22.059+0000][0.379s] Using G1
[2024-03-15T12:19:22.323+0000][0.642s] Version: 17.0.10+7 (release)
[2024-03-15T12:19:22.325+0000][0.645s] CPUs: 8 total, 8 available
[2024-03-15T12:19:22.326+0000][0.646s] Memory: 1967M
[2024-03-15T12:19:22.329+0000][0.649s] Large Page Support: Disabled
[2024-03-15T12:19:22.331+0000][0.650s] NUMA Support: Disabled
[2024-03-15T12:19:22.341+0000][0.661s] Compressed Oops: Enabled (32-bit)
[2024-03-15T12:19:22.344+0000][0.663s] Heap Region Size: 1M
[2024-03-15T12:19:22.345+0000][0.665s] Heap Min Capacity: 512M
[2024-03-15T12:19:22.347+0000][0.666s] Heap Initial Capacity: 512M
[2024-03-15T12:19:22.347+0000][0.667s] Heap Max Capacity: 512M
[2024-03-15T12:19:22.349+0000][0.669s] Pre-touch: Enabled
[2024-03-15T12:19:22.350+0000][0.670s] Parallel Workers: 8
[2024-03-15T12:19:22.352+0000][0.672s] Concurrent Workers: 2
[2024-03-15T12:19:22.355+0000][0.675s] Concurrent Refinement Workers: 8
[2024-03-15T12:19:22.359+0000][0.679s] Periodic GC: Disabled
[2024-03-15T12:19:22.379+0000][0.699s] CDS archive(s) mapped at: [0x00007f962b000000-0x00007f962ba5f000-0x00007f962ba5f000), size 10874880, SharedBaseAddress: 0x00007f962b000000, ArchiveRelocationMode: 1.
[2024-03-15T12:19:22.381+0000][0.700s] Compressed class space mapped at: 0x00007f962c000000-0x00007f966c000000, reserved size: 1073741824
[2024-03-15T12:19:22.381+0000][0.701s] Narrow klass base: 0x00007f962b000000, Narrow klass shift: 0, Narrow klass range: 0x100000000
[2024-03-15T12:19:29.634+0000][7.954s] GC(0) Pause Young (Normal) (G1 Evacuation Pause)
[2024-03-15T12:19:29.640+0000][7.960s] GC(0) Using 8 workers of 8 for evacuation
[2024-03-15T12:19:29.663+0000][7.983s] GC(0)   Pre Evacuate Collection Set: 0.2ms
[2024-03-15T12:19:29.665+0000][7.985s] GC(0)   Merge Heap Roots: 0.1ms
[2024-03-15T12:19:29.676+0000][7.996s] GC(0)   Evacuate Collection Set: 14.1ms
[2024-03-15T12:19:29.678+0000][7.998s] GC(0)   Post Evacuate Collection Set: 3.0ms
[2024-03-15T12:19:29.681+0000][8.001s] GC(0)   Other: 11.7ms
[2024-03-15T12:19:29.685+0000][8.004s] GC(0) Eden regions: 29->0(56)
[2024-03-15T12:19:29.688+0000][8.008s] GC(0) Survivor regions: 0->4(4)
[2024-03-15T12:19:29.689+0000][8.008s] GC(0) Old regions: 0->1
[2024-03-15T12:19:29.690+0000][8.009s] GC(0) Archive regions: 2->2
[2024-03-15T12:19:29.690+0000][8.010s] GC(0) Humongous regions: 0->0
[2024-03-15T12:19:29.692+0000][8.012s] GC(0) Metaspace: 9870K(10112K)->9870K(10112K) NonClass: 8652K(8768K)->8652K(8768K) Class: 1218K(1344K)->1218K(1344K)
[2024-03-15T12:19:29.694+0000][8.014s] GC(0) Pause Young (Normal) (G1 Evacuation Pause) 29M->5M(512M) 59.735ms
[2024-03-15T12:19:29.697+0000][8.016s] GC(0) User=0.05s Sys=0.02s Real=0.06s
[2024-03-15T12:19:33.802+0000][12.122s] GC(1) Pause Young (Normal) (G1 Evacuation Pause)
[2024-03-15T12:19:33.804+0000][12.124s] GC(1) Using 8 workers of 8 for evacuation
[2024-03-15T12:19:33.831+0000][12.151s] GC(1)   Pre Evacuate Collection Set: 0.5ms
[2024-03-15T12:19:33.832+0000][12.152s] GC(1)   Merge Heap Roots: 0.3ms
[2024-03-15T12:19:33.839+0000][12.158s] GC(1)   Evacuate Collection Set: 23.2ms
[2024-03-15T12:19:33.841+0000][12.161s] GC(1)   Post Evacuate Collection Set: 1.6ms
[2024-03-15T12:19:33.842+0000][12.162s] GC(1)   Other: 3.6ms
[2024-03-15T12:19:33.843+0000][12.162s] GC(1) Eden regions: 53->0(89)
[2024-03-15T12:19:33.844+0000][12.163s] GC(1) Survivor regions: 4->8(8)
[2024-03-15T12:19:33.845+0000][12.164s] GC(1) Old regions: 1->9
[2024-03-15T12:19:33.845+0000][12.165s] GC(1) Archive regions: 2->2
[2024-03-15T12:19:33.847+0000][12.166s] GC(1) Humongous regions: 4->4
[2024-03-15T12:19:33.848+0000][12.167s] GC(1) Metaspace: 17860K(18112K)->17860K(18112K) NonClass: 15647K(15808K)->15647K(15808K) Class: 2213K(2304K)->2213K(2304K)
[2024-03-15T12:19:33.850+0000][12.169s] GC(1) Pause Young (Normal) (G1 Evacuation Pause) 62M->21M(512M) 47.603ms
[2024-03-15T12:19:33.853+0000][12.173s] GC(1) User=0.08s Sys=0.00s Real=0.05s
[2024-03-15T12:19:35.860+0000][14.180s] GC(2) Pause Young (Concurrent Start) (Metadata GC Threshold)
[2024-03-15T12:19:35.863+0000][14.183s] GC(2) Using 8 workers of 8 for evacuation
[2024-03-15T12:19:35.887+0000][14.206s] GC(2)   Pre Evacuate Collection Set: 0.2ms
[2024-03-15T12:19:35.889+0000][14.209s] GC(2)   Merge Heap Roots: 0.3ms
[2024-03-15T12:19:35.890+0000][14.209s] GC(2)   Evacuate Collection Set: 17.8ms
[2024-03-15T12:19:35.891+0000][14.211s] GC(2)   Post Evacuate Collection Set: 1.6ms
[2024-03-15T12:19:35.892+0000][14.212s] GC(2)   Other: 6.7ms
[2024-03-15T12:19:35.893+0000][14.213s] GC(2) Eden regions: 33->0(122)
[2024-03-15T12:19:35.894+0000][14.214s] GC(2) Survivor regions: 8->8(11)
[2024-03-15T12:19:35.896+0000][14.215s] GC(2) Old regions: 9->12
[2024-03-15T12:19:35.897+0000][14.216s] GC(2) Archive regions: 2->2
[2024-03-15T12:19:35.898+0000][14.218s] GC(2) Humongous regions: 4->4
[2024-03-15T12:19:35.899+0000][14.218s] GC(2) Metaspace: 21151K(21504K)->21151K(21504K) NonClass: 18536K(18688K)->18536K(18688K) Class: 2615K(2816K)->2615K(2816K)
[2024-03-15T12:19:35.901+0000][14.221s] GC(2) Pause Young (Concurrent Start) (Metadata GC Threshold) 53M->24M(512M) 40.759ms
[2024-03-15T12:19:35.904+0000][14.224s] GC(2) User=0.07s Sys=0.01s Real=0.04s
[2024-03-15T12:19:35.906+0000][14.226s] GC(3) Concurrent Mark Cycle
[2024-03-15T12:19:35.911+0000][14.230s] GC(3) Concurrent Clear Claimed Marks
[2024-03-15T12:19:35.913+0000][14.233s] GC(3) Concurrent Clear Claimed Marks 2.239ms
[2024-03-15T12:19:35.915+0000][14.235s] GC(3) Concurrent Scan Root Regions
[2024-03-15T12:19:35.927+0000][14.246s] GC(3) Concurrent Scan Root Regions 11.552ms
[2024-03-15T12:19:35.928+0000][14.248s] GC(3) Concurrent Mark
[2024-03-15T12:19:35.929+0000][14.249s] GC(3) Concurrent Mark From Roots
[2024-03-15T12:19:35.931+0000][14.250s] GC(3) Using 2 workers of 2 for marking
[2024-03-15T12:19:35.963+0000][14.283s] GC(3) Concurrent Mark From Roots 34.158ms
[2024-03-15T12:19:35.964+0000][14.284s] GC(3) Concurrent Preclean
[2024-03-15T12:19:35.965+0000][14.285s] GC(3) Concurrent Preclean 0.931ms
[2024-03-15T12:19:35.973+0000][14.293s] GC(3) Pause Remark
[2024-03-15T12:19:35.980+0000][14.300s] GC(3) Pause Remark 25M->25M(512M) 7.713ms
[2024-03-15T12:19:35.982+0000][14.301s] GC(3) User=0.01s Sys=0.00s Real=0.01s
[2024-03-15T12:19:35.983+0000][14.303s] GC(3) Concurrent Mark 55.291ms
[2024-03-15T12:19:35.987+0000][14.307s] GC(3) Concurrent Rebuild Remembered Sets
[2024-03-15T12:19:35.988+0000][14.308s] GC(3) Concurrent Rebuild Remembered Sets 0.946ms
[2024-03-15T12:19:35.990+0000][14.309s] GC(3) Pause Cleanup
[2024-03-15T12:19:35.991+0000][14.311s] GC(3) Pause Cleanup 25M->25M(512M) 1.045ms
[2024-03-15T12:19:35.991+0000][14.311s] GC(3) User=0.01s Sys=0.00s Real=0.00s
[2024-03-15T12:19:35.992+0000][14.312s] GC(3) Concurrent Cleanup for Next Mark
[2024-03-15T12:19:35.993+0000][14.313s] GC(3) Concurrent Cleanup for Next Mark 1.104ms
[2024-03-15T12:19:35.995+0000][14.314s] GC(3) Concurrent Mark Cycle 88.808ms
[2024-03-15T12:19:40.335+0000][18.655s] GC(4) Pause Young (Normal) (G1 Evacuation Pause)
[2024-03-15T12:19:40.337+0000][18.657s] GC(4) Using 8 workers of 8 for evacuation
[2024-03-15T12:19:40.350+0000][18.670s] GC(4)   Pre Evacuate Collection Set: 0.3ms
[2024-03-15T12:19:40.352+0000][18.672s] GC(4)   Merge Heap Roots: 0.2ms
[2024-03-15T12:19:40.353+0000][18.672s] GC(4)   Evacuate Collection Set: 9.6ms
[2024-03-15T12:19:40.354+0000][18.673s] GC(4)   Post Evacuate Collection Set: 2.4ms
[2024-03-15T12:19:40.355+0000][18.674s] GC(4)   Other: 2.5ms
[2024-03-15T12:19:40.355+0000][18.675s] GC(4) Eden regions: 122->0(297)
[2024-03-15T12:19:40.357+0000][18.676s] GC(4) Survivor regions: 8->10(17)
[2024-03-15T12:19:40.358+0000][18.677s] GC(4) Old regions: 12->12
[2024-03-15T12:19:40.358+0000][18.678s] GC(4) Archive regions: 2->2
[2024-03-15T12:19:40.359+0000][18.679s] GC(4) Humongous regions: 4->4
[2024-03-15T12:19:40.360+0000][18.679s] GC(4) Metaspace: 30630K(30976K)->30630K(30976K) NonClass: 26835K(27008K)->26835K(27008K) Class: 3794K(3968K)->3794K(3968K)
[2024-03-15T12:19:40.360+0000][18.680s] GC(4) Pause Young (Normal) (G1 Evacuation Pause) 146M->26M(512M) 24.764ms
[2024-03-15T12:19:40.362+0000][18.681s] GC(4) User=0.06s Sys=0.00s Real=0.03s
[2024-03-15T12:19:43.748+0000][22.068s] GC(5) Pause Young (Concurrent Start) (GCLocker Initiated GC)
[2024-03-15T12:19:43.750+0000][22.069s] GC(5) Using 8 workers of 8 for evacuation
[2024-03-15T12:19:43.764+0000][22.084s] GC(5)   Pre Evacuate Collection Set: 0.7ms
[2024-03-15T12:19:43.765+0000][22.085s] GC(5)   Merge Heap Roots: 0.4ms
[2024-03-15T12:19:43.766+0000][22.085s] GC(5)   Evacuate Collection Set: 9.9ms
[2024-03-15T12:19:43.767+0000][22.087s] GC(5)   Post Evacuate Collection Set: 1.9ms
[2024-03-15T12:19:43.769+0000][22.089s] GC(5)   Other: 2.6ms
[2024-03-15T12:19:43.770+0000][22.090s] GC(5) Eden regions: 36->0(293)
[2024-03-15T12:19:43.771+0000][22.090s] GC(5) Survivor regions: 10->14(39)
[2024-03-15T12:19:43.772+0000][22.091s] GC(5) Old regions: 12->12
[2024-03-15T12:19:43.772+0000][22.092s] GC(5) Archive regions: 2->2
[2024-03-15T12:19:43.773+0000][22.093s] GC(5) Humongous regions: 4->4
[2024-03-15T12:19:43.773+0000][22.093s] GC(5) Metaspace: 35863K(36224K)->35863K(36224K) NonClass: 31349K(31552K)->31349K(31552K) Class: 4513K(4672K)->4513K(4672K)
[2024-03-15T12:19:43.775+0000][22.094s] GC(5) Pause Young (Concurrent Start) (GCLocker Initiated GC) 61M->30M(512M) 26.130ms
[2024-03-15T12:19:43.776+0000][22.095s] GC(5) User=0.09s Sys=0.00s Real=0.03s
[2024-03-15T12:19:43.777+0000][22.096s] GC(6) Concurrent Mark Cycle
[2024-03-15T12:19:43.778+0000][22.097s] GC(6) Concurrent Clear Claimed Marks
[2024-03-15T12:19:43.778+0000][22.098s] GC(6) Concurrent Clear Claimed Marks 0.702ms
[2024-03-15T12:19:43.779+0000][22.099s] GC(6) Concurrent Scan Root Regions
[2024-03-15T12:19:43.789+0000][22.109s] GC(6) Concurrent Scan Root Regions 10.456ms
[2024-03-15T12:19:43.791+0000][22.111s] GC(6) Concurrent Mark
[2024-03-15T12:19:43.792+0000][22.111s] GC(6) Concurrent Mark From Roots
[2024-03-15T12:19:43.793+0000][22.113s] GC(6) Using 2 workers of 2 for marking
[2024-03-15T12:19:43.817+0000][22.136s] GC(6) Concurrent Mark From Roots 24.989ms
[2024-03-15T12:19:43.820+0000][22.140s] GC(6) Concurrent Preclean
[2024-03-15T12:19:43.821+0000][22.141s] GC(6) Concurrent Preclean 1.451ms
[2024-03-15T12:19:43.823+0000][22.143s] GC(6) Pause Remark
[2024-03-15T12:19:43.828+0000][22.148s] GC(6) Pause Remark 32M->32M(512M) 4.140ms
[2024-03-15T12:19:43.828+0000][22.148s] GC(6) User=0.02s Sys=0.00s Real=0.00s
[2024-03-15T12:19:43.830+0000][22.150s] GC(6) Concurrent Mark 39.011ms
[2024-03-15T12:19:43.830+0000][22.150s] GC(6) Concurrent Rebuild Remembered Sets
[2024-03-15T12:19:43.845+0000][22.165s] GC(6) Concurrent Rebuild Remembered Sets 14.614ms
[2024-03-15T12:19:43.846+0000][22.166s] GC(6) Pause Cleanup
[2024-03-15T12:19:43.848+0000][22.168s] GC(6) Pause Cleanup 33M->33M(512M) 1.378ms
[2024-03-15T12:19:43.848+0000][22.168s] GC(6) User=0.00s Sys=0.00s Real=0.00s
[2024-03-15T12:19:43.850+0000][22.170s] GC(6) Concurrent Cleanup for Next Mark
[2024-03-15T12:19:43.854+0000][22.174s] GC(6) Concurrent Cleanup for Next Mark 4.105ms
[2024-03-15T12:19:43.855+0000][22.175s] GC(6) Concurrent Mark Cycle 78.754ms
[2024-03-15T12:21:11.400+0000][109.719s] Heap
[2024-03-15T12:21:11.400+0000][109.720s]  garbage-first heap   total 524288K, used 198256K [0x00000000e0000000, 0x0000000100000000)
[2024-03-15T12:21:11.401+0000][109.720s]   region size 1024K, 178 young (182272K), 14 survivors (14336K)
[2024-03-15T12:21:11.402+0000][109.721s]  Metaspace       used 51983K, committed 52480K, reserved 1114112K
[2024-03-15T12:21:11.402+0000][109.721s]   class space    used 6722K, committed 6976K, reserved 1048576K
