[2024-03-17T19:25:41.869+0000][0.368s] Using G1
[2024-03-17T19:25:42.082+0000][0.580s] Version: 17.0.10+7 (release)
[2024-03-17T19:25:42.101+0000][0.599s] CPUs: 8 total, 8 available
[2024-03-17T19:25:42.128+0000][0.627s] Memory: 1967M
[2024-03-17T19:25:42.145+0000][0.643s] Large Page Support: Disabled
[2024-03-17T19:25:42.161+0000][0.659s] NUMA Support: Disabled
[2024-03-17T19:25:42.181+0000][0.680s] Compressed Oops: Enabled (32-bit)
[2024-03-17T19:25:42.197+0000][0.695s] Heap Region Size: 1M
[2024-03-17T19:25:42.224+0000][0.723s] Heap Min Capacity: 512M
[2024-03-17T19:25:42.244+0000][0.742s] Heap Initial Capacity: 512M
[2024-03-17T19:25:42.249+0000][0.747s] Heap Max Capacity: 512M
[2024-03-17T19:25:42.261+0000][0.759s] Pre-touch: Enabled
[2024-03-17T19:25:42.270+0000][0.768s] Parallel Workers: 8
[2024-03-17T19:25:42.276+0000][0.774s] Concurrent Workers: 2
[2024-03-17T19:25:42.277+0000][0.775s] Concurrent Refinement Workers: 8
[2024-03-17T19:25:42.278+0000][0.777s] Periodic GC: Disabled
[2024-03-17T19:25:42.321+0000][0.820s] CDS archive(s) mapped at: [0x00007fa81f000000-0x00007fa81fa5f000-0x00007fa81fa5f000), size 10874880, SharedBaseAddress: 0x00007fa81f000000, ArchiveRelocationMode: 1.
[2024-03-17T19:25:42.332+0000][0.831s] Compressed class space mapped at: 0x00007fa820000000-0x00007fa860000000, reserved size: 1073741824
[2024-03-17T19:25:42.335+0000][0.833s] Narrow klass base: 0x00007fa81f000000, Narrow klass shift: 0, Narrow klass range: 0x100000000
[2024-03-17T19:25:51.318+0000][9.816s] GC(0) Pause Young (Normal) (G1 Evacuation Pause)
[2024-03-17T19:25:51.320+0000][9.819s] GC(0) Using 8 workers of 8 for evacuation
[2024-03-17T19:25:51.419+0000][9.918s] GC(0)   Pre Evacuate Collection Set: 1.7ms
[2024-03-17T19:25:51.422+0000][9.921s] GC(0)   Merge Heap Roots: 2.3ms
[2024-03-17T19:25:51.424+0000][9.922s] GC(0)   Evacuate Collection Set: 72.0ms
[2024-03-17T19:25:51.426+0000][9.925s] GC(0)   Post Evacuate Collection Set: 19.9ms
[2024-03-17T19:25:51.430+0000][9.929s] GC(0)   Other: 5.8ms
[2024-03-17T19:25:51.432+0000][9.931s] GC(0) Eden regions: 29->0(44)
[2024-03-17T19:25:51.434+0000][9.932s] GC(0) Survivor regions: 0->4(4)
[2024-03-17T19:25:51.434+0000][9.933s] GC(0) Old regions: 0->1
[2024-03-17T19:25:51.435+0000][9.933s] GC(0) Archive regions: 2->2
[2024-03-17T19:25:51.436+0000][9.934s] GC(0) Humongous regions: 0->0
[2024-03-17T19:25:51.437+0000][9.936s] GC(0) Metaspace: 9902K(10176K)->9902K(10176K) NonClass: 8677K(8832K)->8677K(8832K) Class: 1225K(1344K)->1225K(1344K)
[2024-03-17T19:25:51.440+0000][9.938s] GC(0) Pause Young (Normal) (G1 Evacuation Pause) 29M->5M(512M) 120.712ms
[2024-03-17T19:25:51.442+0000][9.941s] GC(0) User=0.05s Sys=0.02s Real=0.13s
[2024-03-17T19:25:56.591+0000][14.984s] GC(1) Pause Young (Normal) (G1 Evacuation Pause)
[2024-03-17T19:25:56.594+0000][14.987s] GC(1) Using 8 workers of 8 for evacuation
[2024-03-17T19:25:56.847+0000][15.240s] GC(1) MMU target violated: 251.0ms (250.0ms/251.0ms)
[2024-03-17T19:25:56.848+0000][15.241s] GC(1)   Pre Evacuate Collection Set: 1.7ms
[2024-03-17T19:25:56.851+0000][15.243s] GC(1)   Merge Heap Roots: 0.2ms
[2024-03-17T19:25:56.852+0000][15.245s] GC(1)   Evacuate Collection Set: 247.1ms
[2024-03-17T19:25:56.853+0000][15.246s] GC(1)   Post Evacuate Collection Set: 2.1ms
[2024-03-17T19:25:56.854+0000][15.247s] GC(1)   Other: 5.7ms
[2024-03-17T19:25:56.855+0000][15.248s] GC(1) Eden regions: 42->0(35)
[2024-03-17T19:25:56.859+0000][15.252s] GC(1) Survivor regions: 4->6(6)
[2024-03-17T19:25:56.861+0000][15.254s] GC(1) Old regions: 1->9
[2024-03-17T19:25:56.867+0000][15.259s] GC(1) Archive regions: 2->2
[2024-03-17T19:25:56.869+0000][15.262s] GC(1) Humongous regions: 4->4
[2024-03-17T19:25:56.870+0000][15.263s] GC(1) Metaspace: 17819K(18048K)->17819K(18048K) NonClass: 15606K(15744K)->15606K(15744K) Class: 2213K(2304K)->2213K(2304K)
[2024-03-17T19:25:56.872+0000][15.265s] GC(1) Pause Young (Normal) (G1 Evacuation Pause) 51M->19M(512M) 280.642ms
[2024-03-17T19:25:56.878+0000][15.271s] GC(1) User=0.11s Sys=0.05s Real=0.29s
[2024-03-17T19:25:59.770+0000][18.162s] GC(2) Pause Young (Normal) (G1 Evacuation Pause)
[2024-03-17T19:25:59.773+0000][18.165s] GC(2) Using 8 workers of 8 for evacuation
[2024-03-17T19:25:59.885+0000][18.277s] GC(2)   Pre Evacuate Collection Set: 0.4ms
[2024-03-17T19:25:59.886+0000][18.278s] GC(2)   Merge Heap Roots: 0.1ms
[2024-03-17T19:25:59.887+0000][18.279s] GC(2)   Evacuate Collection Set: 105.4ms
[2024-03-17T19:25:59.888+0000][18.280s] GC(2)   Post Evacuate Collection Set: 2.0ms
[2024-03-17T19:25:59.890+0000][18.283s] GC(2)   Other: 7.2ms
[2024-03-17T19:25:59.891+0000][18.284s] GC(2) Eden regions: 35->0(40)
[2024-03-17T19:25:59.892+0000][18.284s] GC(2) Survivor regions: 6->5(6)
[2024-03-17T19:25:59.893+0000][18.285s] GC(2) Old regions: 9->15
[2024-03-17T19:25:59.893+0000][18.286s] GC(2) Archive regions: 2->2
[2024-03-17T19:25:59.894+0000][18.287s] GC(2) Humongous regions: 4->4
[2024-03-17T19:25:59.895+0000][18.288s] GC(2) Metaspace: 20009K(20352K)->20009K(20352K) NonClass: 17540K(17728K)->17540K(17728K) Class: 2468K(2624K)->2468K(2624K)
[2024-03-17T19:25:59.896+0000][18.289s] GC(2) Pause Young (Normal) (G1 Evacuation Pause) 54M->24M(512M) 126.240ms
[2024-03-17T19:25:59.897+0000][18.289s] GC(2) User=0.11s Sys=0.03s Real=0.13s
[2024-03-17T19:26:00.514+0000][18.907s] GC(3) Pause Young (Concurrent Start) (Metadata GC Threshold)
[2024-03-17T19:26:00.515+0000][18.908s] GC(3) Using 8 workers of 8 for evacuation
[2024-03-17T19:26:00.784+0000][19.177s] GC(3) MMU target violated: 251.0ms (250.0ms/251.0ms)
[2024-03-17T19:26:00.799+0000][19.192s] GC(3)   Pre Evacuate Collection Set: 0.3ms
[2024-03-17T19:26:00.800+0000][19.193s] GC(3)   Merge Heap Roots: 0.2ms
[2024-03-17T19:26:00.801+0000][19.193s] GC(3)   Evacuate Collection Set: 245.3ms
[2024-03-17T19:26:00.802+0000][19.194s] GC(3)   Post Evacuate Collection Set: 1.1ms
[2024-03-17T19:26:00.803+0000][19.195s] GC(3)   Other: 38.1ms
[2024-03-17T19:26:00.804+0000][19.197s] GC(3) Eden regions: 8->0(34)
[2024-03-17T19:26:00.805+0000][19.197s] GC(3) Survivor regions: 5->1(6)
[2024-03-17T19:26:00.806+0000][19.199s] GC(3) Old regions: 15->19
[2024-03-17T19:26:00.807+0000][19.200s] GC(3) Archive regions: 2->2
[2024-03-17T19:26:00.812+0000][19.205s] GC(3) Humongous regions: 4->4
[2024-03-17T19:26:00.813+0000][19.206s] GC(3) Metaspace: 21157K(21504K)->21157K(21504K) NonClass: 18542K(18688K)->18542K(18688K) Class: 2615K(2816K)->2615K(2816K)
[2024-03-17T19:26:00.814+0000][19.207s] GC(3) Pause Young (Concurrent Start) (Metadata GC Threshold) 31M->24M(512M) 300.427ms
[2024-03-17T19:26:00.815+0000][19.208s] GC(3) User=0.07s Sys=0.03s Real=0.30s
[2024-03-17T19:26:00.817+0000][19.210s] GC(4) Concurrent Mark Cycle
[2024-03-17T19:26:00.819+0000][19.211s] GC(4) Concurrent Clear Claimed Marks
[2024-03-17T19:26:00.820+0000][19.212s] GC(4) Concurrent Clear Claimed Marks 0.797ms
[2024-03-17T19:26:00.820+0000][19.213s] GC(4) Concurrent Scan Root Regions
[2024-03-17T19:26:00.829+0000][19.222s] GC(4) Concurrent Scan Root Regions 9.005ms
[2024-03-17T19:26:00.831+0000][19.224s] GC(4) Concurrent Mark
[2024-03-17T19:26:00.836+0000][19.228s] GC(4) Concurrent Mark From Roots
[2024-03-17T19:26:00.839+0000][19.232s] GC(4) Using 2 workers of 2 for marking
[2024-03-17T19:26:00.911+0000][19.304s] GC(4) Concurrent Mark From Roots 75.464ms
[2024-03-17T19:26:00.918+0000][19.310s] GC(4) Concurrent Preclean
[2024-03-17T19:26:00.920+0000][19.313s] GC(4) Concurrent Preclean 2.620ms
[2024-03-17T19:26:00.922+0000][19.315s] GC(4) Pause Remark
[2024-03-17T19:26:00.949+0000][19.342s] GC(4) Pause Remark 25M->25M(512M) 27.276ms
[2024-03-17T19:26:00.956+0000][19.349s] GC(4) User=0.04s Sys=0.00s Real=0.04s
[2024-03-17T19:26:00.964+0000][19.357s] GC(4) Concurrent Mark 132.877ms
[2024-03-17T19:26:00.970+0000][19.362s] GC(4) Concurrent Rebuild Remembered Sets
[2024-03-17T19:26:01.003+0000][19.396s] GC(4) Concurrent Rebuild Remembered Sets 33.475ms
[2024-03-17T19:26:01.005+0000][19.398s] GC(4) Pause Cleanup
[2024-03-17T19:26:01.006+0000][19.399s] GC(4) Pause Cleanup 26M->26M(512M) 1.305ms
[2024-03-17T19:26:01.008+0000][19.400s] GC(4) User=0.00s Sys=0.00s Real=0.01s
[2024-03-17T19:26:01.009+0000][19.402s] GC(4) Concurrent Cleanup for Next Mark
[2024-03-17T19:26:01.016+0000][19.409s] GC(4) Concurrent Cleanup for Next Mark 7.353ms
[2024-03-17T19:26:01.018+0000][19.411s] GC(4) Concurrent Mark Cycle 200.936ms
[2024-03-17T19:26:03.438+0000][21.830s] GC(5) Pause Young (Normal) (G1 Evacuation Pause)
[2024-03-17T19:26:03.439+0000][21.832s] GC(5) Using 8 workers of 8 for evacuation
[2024-03-17T19:26:03.462+0000][21.854s] GC(5)   Pre Evacuate Collection Set: 1.3ms
[2024-03-17T19:26:03.464+0000][21.856s] GC(5)   Merge Heap Roots: 0.7ms
[2024-03-17T19:26:03.465+0000][21.857s] GC(5)   Evacuate Collection Set: 12.9ms
[2024-03-17T19:26:03.466+0000][21.858s] GC(5)   Post Evacuate Collection Set: 3.2ms
[2024-03-17T19:26:03.467+0000][21.859s] GC(5)   Other: 6.1ms
[2024-03-17T19:26:03.467+0000][21.860s] GC(5) Eden regions: 34->0(39)
[2024-03-17T19:26:03.477+0000][21.869s] GC(5) Survivor regions: 1->2(5)
[2024-03-17T19:26:03.478+0000][21.870s] GC(5) Old regions: 19->19
[2024-03-17T19:26:03.480+0000][21.872s] GC(5) Archive regions: 2->2
[2024-03-17T19:26:03.481+0000][21.874s] GC(5) Humongous regions: 4->4
[2024-03-17T19:26:03.483+0000][21.875s] GC(5) Metaspace: 24007K(24320K)->24007K(24320K) NonClass: 20986K(21120K)->20986K(21120K) Class: 3021K(3200K)->3021K(3200K)
[2024-03-17T19:26:03.484+0000][21.876s] GC(5) Pause Young (Normal) (G1 Evacuation Pause) 58M->24M(512M) 46.025ms
[2024-03-17T19:26:03.486+0000][21.878s] GC(5) User=0.02s Sys=0.00s Real=0.05s
[2024-03-17T19:26:04.854+0000][23.246s] GC(6) Pause Young (Normal) (G1 Evacuation Pause)
[2024-03-17T19:26:04.856+0000][23.249s] GC(6) Using 8 workers of 8 for evacuation
[2024-03-17T19:26:04.872+0000][23.264s] GC(6)   Pre Evacuate Collection Set: 0.3ms
[2024-03-17T19:26:04.873+0000][23.265s] GC(6)   Merge Heap Roots: 0.1ms
[2024-03-17T19:26:04.874+0000][23.267s] GC(6)   Evacuate Collection Set: 11.5ms
[2024-03-17T19:26:04.875+0000][23.267s] GC(6)   Post Evacuate Collection Set: 1.0ms
[2024-03-17T19:26:04.876+0000][23.269s] GC(6)   Other: 5.2ms
[2024-03-17T19:26:04.877+0000][23.269s] GC(6) Eden regions: 39->0(98)
[2024-03-17T19:26:04.880+0000][23.273s] GC(6) Survivor regions: 2->2(6)
[2024-03-17T19:26:04.881+0000][23.274s] GC(6) Old regions: 19->19
[2024-03-17T19:26:04.882+0000][23.274s] GC(6) Archive regions: 2->2
[2024-03-17T19:26:04.882+0000][23.275s] GC(6) Humongous regions: 4->4
[2024-03-17T19:26:04.883+0000][23.276s] GC(6) Metaspace: 24031K(24384K)->24031K(24384K) NonClass: 21010K(21184K)->21010K(21184K) Class: 3021K(3200K)->3021K(3200K)
[2024-03-17T19:26:04.884+0000][23.276s] GC(6) Pause Young (Normal) (G1 Evacuation Pause) 63M->24M(512M) 30.053ms
[2024-03-17T19:26:04.885+0000][23.278s] GC(6) User=0.02s Sys=0.01s Real=0.03s
[2024-03-17T19:26:14.059+0000][32.452s] GC(7) Pause Young (Concurrent Start) (Metadata GC Threshold)
[2024-03-17T19:26:14.061+0000][32.454s] GC(7) Using 8 workers of 8 for evacuation
[2024-03-17T19:26:14.197+0000][32.589s] GC(7)   Pre Evacuate Collection Set: 0.5ms
[2024-03-17T19:26:14.198+0000][32.591s] GC(7)   Merge Heap Roots: 0.2ms
[2024-03-17T19:26:14.199+0000][32.592s] GC(7)   Evacuate Collection Set: 123.7ms
[2024-03-17T19:26:14.200+0000][32.592s] GC(7)   Post Evacuate Collection Set: 3.1ms
[2024-03-17T19:26:14.201+0000][32.593s] GC(7)   Other: 11.2ms
[2024-03-17T19:26:14.202+0000][32.595s] GC(7) Eden regions: 61->0(37)
[2024-03-17T19:26:14.203+0000][32.595s] GC(7) Survivor regions: 2->7(13)
[2024-03-17T19:26:14.203+0000][32.596s] GC(7) Old regions: 19->19
[2024-03-17T19:26:14.204+0000][32.597s] GC(7) Archive regions: 2->2
[2024-03-17T19:26:14.206+0000][32.598s] GC(7) Humongous regions: 4->4
[2024-03-17T19:26:14.207+0000][32.599s] GC(7) Metaspace: 35746K(36160K)->35746K(36160K) NonClass: 31257K(31424K)->31257K(31424K) Class: 4489K(4736K)->4489K(4736K)
[2024-03-17T19:26:14.208+0000][32.600s] GC(7) Pause Young (Concurrent Start) (Metadata GC Threshold) 85M->30M(512M) 148.581ms
[2024-03-17T19:26:14.210+0000][32.602s] GC(7) User=0.08s Sys=0.04s Real=0.15s
[2024-03-17T19:26:14.211+0000][32.603s] GC(8) Concurrent Mark Cycle
[2024-03-17T19:26:14.215+0000][32.608s] GC(8) Concurrent Clear Claimed Marks
[2024-03-17T19:26:14.221+0000][32.613s] GC(8) Concurrent Clear Claimed Marks 5.948ms
[2024-03-17T19:26:14.222+0000][32.614s] GC(8) Concurrent Scan Root Regions
[2024-03-17T19:26:14.235+0000][32.628s] GC(8) Concurrent Scan Root Regions 13.444ms
[2024-03-17T19:26:14.237+0000][32.630s] GC(8) Concurrent Mark
[2024-03-17T19:26:14.238+0000][32.631s] GC(8) Concurrent Mark From Roots
[2024-03-17T19:26:14.239+0000][32.631s] GC(8) Using 2 workers of 2 for marking
[2024-03-17T19:26:14.317+0000][32.710s] GC(8) Concurrent Mark From Roots 79.279ms
[2024-03-17T19:26:14.321+0000][32.714s] GC(8) Concurrent Preclean
[2024-03-17T19:26:14.323+0000][32.715s] GC(8) Concurrent Preclean 1.104ms
[2024-03-17T19:26:14.330+0000][32.722s] GC(8) Pause Remark
[2024-03-17T19:26:14.343+0000][32.736s] GC(8) Pause Remark 32M->32M(512M) 13.746ms
[2024-03-17T19:26:14.344+0000][32.737s] GC(8) User=0.01s Sys=0.00s Real=0.01s
[2024-03-17T19:26:14.352+0000][32.744s] GC(8) Concurrent Mark 115.434ms
[2024-03-17T19:26:14.354+0000][32.746s] GC(8) Concurrent Rebuild Remembered Sets
[2024-03-17T19:26:14.392+0000][32.785s] GC(8) Concurrent Rebuild Remembered Sets 38.351ms
[2024-03-17T19:26:14.398+0000][32.790s] GC(8) Pause Cleanup
[2024-03-17T19:26:14.399+0000][32.792s] GC(8) Pause Cleanup 32M->32M(512M) 1.238ms
[2024-03-17T19:26:14.400+0000][32.792s] GC(8) User=0.00s Sys=0.00s Real=0.00s
[2024-03-17T19:26:14.402+0000][32.794s] GC(8) Concurrent Cleanup for Next Mark
[2024-03-17T19:26:14.572+0000][32.965s] GC(8) Concurrent Cleanup for Next Mark 170.445ms
[2024-03-17T19:26:14.575+0000][32.967s] GC(8) Concurrent Mark Cycle 364.120ms
[2024-03-17T19:26:15.841+0000][34.234s] GC(9) Pause Young (Concurrent Start) (G1 Evacuation Pause)
[2024-03-17T19:26:15.842+0000][34.235s] GC(9) Using 8 workers of 8 for evacuation
[2024-03-17T19:26:16.040+0000][34.433s] GC(9)   Pre Evacuate Collection Set: 0.7ms
[2024-03-17T19:26:16.042+0000][34.435s] GC(9)   Merge Heap Roots: 1.1ms
[2024-03-17T19:26:16.044+0000][34.436s] GC(9)   Evacuate Collection Set: 193.5ms
[2024-03-17T19:26:16.045+0000][34.437s] GC(9)   Post Evacuate Collection Set: 1.2ms
[2024-03-17T19:26:16.046+0000][34.439s] GC(9)   Other: 2.5ms
[2024-03-17T19:26:16.047+0000][34.439s] GC(9) Eden regions: 40->0(81)
[2024-03-17T19:26:16.047+0000][34.440s] GC(9) Survivor regions: 7->3(6)
[2024-03-17T19:26:16.048+0000][34.441s] GC(9) Old regions: 19->26
[2024-03-17T19:26:16.049+0000][34.442s] GC(9) Archive regions: 2->2
[2024-03-17T19:26:16.050+0000][34.442s] GC(9) Humongous regions: 4->4
[2024-03-17T19:26:16.051+0000][34.444s] GC(9) Metaspace: 41469K(41856K)->41469K(41856K) NonClass: 36146K(36352K)->36146K(36352K) Class: 5322K(5504K)->5322K(5504K)
[2024-03-17T19:26:16.052+0000][34.444s] GC(9) Pause Young (Concurrent Start) (G1 Evacuation Pause) 70M->32M(512M) 210.757ms
[2024-03-17T19:26:16.053+0000][34.445s] GC(9) User=0.08s Sys=0.06s Real=0.21s
[2024-03-17T19:26:16.055+0000][34.448s] GC(10) Concurrent Mark Cycle
[2024-03-17T19:26:16.059+0000][34.452s] GC(10) Concurrent Clear Claimed Marks
[2024-03-17T19:26:16.062+0000][34.455s] GC(10) Concurrent Clear Claimed Marks 2.631ms
[2024-03-17T19:26:16.065+0000][34.458s] GC(10) Concurrent Scan Root Regions
[2024-03-17T19:26:16.088+0000][34.481s] GC(10) Concurrent Scan Root Regions 22.978ms
[2024-03-17T19:26:16.090+0000][34.483s] GC(10) Concurrent Mark
[2024-03-17T19:26:16.092+0000][34.485s] GC(10) Concurrent Mark From Roots
[2024-03-17T19:26:16.093+0000][34.486s] GC(10) Using 2 workers of 2 for marking
[2024-03-17T19:26:16.142+0000][34.535s] GC(10) Concurrent Mark From Roots 49.948ms
[2024-03-17T19:26:16.143+0000][34.536s] GC(10) Concurrent Preclean
[2024-03-17T19:26:16.144+0000][34.537s] GC(10) Concurrent Preclean 1.282ms
[2024-03-17T19:26:16.147+0000][34.539s] GC(10) Pause Remark
[2024-03-17T19:26:16.154+0000][34.547s] GC(10) Pause Remark 35M->35M(512M) 7.788ms
[2024-03-17T19:26:16.156+0000][34.548s] GC(10) User=0.01s Sys=0.00s Real=0.01s
[2024-03-17T19:26:16.157+0000][34.550s] GC(10) Concurrent Mark 66.521ms
[2024-03-17T19:26:16.161+0000][34.553s] GC(10) Concurrent Rebuild Remembered Sets
[2024-03-17T19:26:16.200+0000][34.592s] GC(10) Concurrent Rebuild Remembered Sets 38.714ms
[2024-03-17T19:26:16.207+0000][34.599s] GC(10) Pause Cleanup
[2024-03-17T19:26:16.208+0000][34.601s] GC(10) Pause Cleanup 36M->36M(512M) 1.537ms
[2024-03-17T19:26:16.209+0000][34.602s] GC(10) User=0.00s Sys=0.00s Real=0.00s
[2024-03-17T19:26:16.210+0000][34.603s] GC(10) Concurrent Cleanup for Next Mark
[2024-03-17T19:26:16.611+0000][35.003s] GC(10) Concurrent Cleanup for Next Mark 400.679ms
[2024-03-17T19:26:16.612+0000][35.004s] GC(10) Concurrent Mark Cycle 556.772ms
[2024-03-17T19:26:34.232+0000][52.718s] GC(11) Pause Young (Normal) (G1 Evacuation Pause)
[2024-03-17T19:26:34.233+0000][52.718s] GC(11) Using 8 workers of 8 for evacuation
[2024-03-17T19:26:34.299+0000][52.784s] GC(11)   Pre Evacuate Collection Set: 0.4ms
[2024-03-17T19:26:34.299+0000][52.785s] GC(11)   Merge Heap Roots: 0.2ms
[2024-03-17T19:26:34.300+0000][52.785s] GC(11)   Evacuate Collection Set: 61.8ms
[2024-03-17T19:26:34.301+0000][52.786s] GC(11)   Post Evacuate Collection Set: 2.3ms
[2024-03-17T19:26:34.302+0000][52.787s] GC(11)   Other: 1.7ms
[2024-03-17T19:26:34.302+0000][52.788s] GC(11) Eden regions: 113->0(52)
[2024-03-17T19:26:34.303+0000][52.788s] GC(11) Survivor regions: 3->15(15)
[2024-03-17T19:26:34.303+0000][52.789s] GC(11) Old regions: 26->26
[2024-03-17T19:26:34.304+0000][52.789s] GC(11) Archive regions: 2->2
[2024-03-17T19:26:34.305+0000][52.790s] GC(11) Humongous regions: 4->4
[2024-03-17T19:26:34.306+0000][52.791s] GC(11) Metaspace: 51147K(51648K)->51147K(51648K) NonClass: 44569K(44800K)->44569K(44800K) Class: 6577K(6848K)->6577K(6848K)
[2024-03-17T19:26:34.307+0000][52.792s] GC(11) Pause Young (Normal) (G1 Evacuation Pause) 145M->44M(512M) 74.175ms
[2024-03-17T19:26:34.307+0000][52.792s] GC(11) User=0.08s Sys=0.05s Real=0.08s
[2024-03-17T20:06:25.011+0000][2443.509s] GC(12) Pause Young (Normal) (G1 Evacuation Pause)
[2024-03-17T20:06:25.014+0000][2443.512s] GC(12) Using 8 workers of 8 for evacuation
[2024-03-17T20:06:25.491+0000][2443.990s] GC(12) MMU target violated: 251.0ms (250.0ms/251.0ms)
[2024-03-17T20:06:25.492+0000][2443.991s] GC(12)   Pre Evacuate Collection Set: 2.9ms
[2024-03-17T20:06:25.493+0000][2443.991s] GC(12)   Merge Heap Roots: 0.8ms
[2024-03-17T20:06:25.494+0000][2443.992s] GC(12)   Evacuate Collection Set: 462.8ms
[2024-03-17T20:06:25.494+0000][2443.993s] GC(12)   Post Evacuate Collection Set: 8.2ms
[2024-03-17T20:06:25.496+0000][2443.995s] GC(12)   Other: 8.5ms
[2024-03-17T20:06:25.500+0000][2443.998s] GC(12) Eden regions: 52->0(56)
[2024-03-17T20:06:25.501+0000][2444.000s] GC(12) Survivor regions: 15->5(9)
[2024-03-17T20:06:25.502+0000][2444.000s] GC(12) Old regions: 26->39
[2024-03-17T20:06:25.503+0000][2444.001s] GC(12) Archive regions: 2->2
[2024-03-17T20:06:25.503+0000][2444.002s] GC(12) Humongous regions: 4->4
[2024-03-17T20:06:25.505+0000][2444.004s] GC(12) Metaspace: 56250K(56768K)->56250K(56768K) NonClass: 48975K(49216K)->48975K(49216K) Class: 7275K(7552K)->7275K(7552K)
[2024-03-17T20:06:25.506+0000][2444.005s] GC(12) Pause Young (Normal) (G1 Evacuation Pause) 96M->47M(512M) 495.208ms
[2024-03-17T20:06:25.507+0000][2444.006s] GC(12) User=0.17s Sys=0.19s Real=0.49s
