[2024-03-17T11:38:01.321+0000][0.554s] Using G1
[2024-03-17T11:38:01.726+0000][0.959s] Version: 17.0.10+7 (release)
[2024-03-17T11:38:01.728+0000][0.961s] CPUs: 8 total, 8 available
[2024-03-17T11:38:01.729+0000][0.962s] Memory: 1967M
[2024-03-17T11:38:01.731+0000][0.964s] Large Page Support: Disabled
[2024-03-17T11:38:01.732+0000][0.965s] NUMA Support: Disabled
[2024-03-17T11:38:01.734+0000][0.966s] Compressed Oops: Enabled (32-bit)
[2024-03-17T11:38:01.742+0000][0.974s] Heap Region Size: 1M
[2024-03-17T11:38:01.743+0000][0.976s] Heap Min Capacity: 512M
[2024-03-17T11:38:01.745+0000][0.978s] Heap Initial Capacity: 512M
[2024-03-17T11:38:01.746+0000][0.979s] Heap Max Capacity: 512M
[2024-03-17T11:38:01.749+0000][0.981s] Pre-touch: Enabled
[2024-03-17T11:38:01.756+0000][0.989s] Parallel Workers: 8
[2024-03-17T11:38:01.759+0000][0.992s] Concurrent Workers: 2
[2024-03-17T11:38:01.760+0000][0.993s] Concurrent Refinement Workers: 8
[2024-03-17T11:38:01.763+0000][0.996s] Periodic GC: Disabled
[2024-03-17T11:38:01.794+0000][1.026s] CDS archive(s) mapped at: [0x00007fd2fb000000-0x00007fd2fba5f000-0x00007fd2fba5f000), size 10874880, SharedBaseAddress: 0x00007fd2fb000000, ArchiveRelocationMode: 1.
[2024-03-17T11:38:01.795+0000][1.028s] Compressed class space mapped at: 0x00007fd2fc000000-0x00007fd33c000000, reserved size: 1073741824
[2024-03-17T11:38:01.803+0000][1.036s] Narrow klass base: 0x00007fd2fb000000, Narrow klass shift: 0, Narrow klass range: 0x100000000
[2024-03-17T11:38:10.988+0000][10.221s] GC(0) Pause Young (Normal) (G1 Evacuation Pause)
[2024-03-17T11:38:11.009+0000][10.242s] GC(0) Using 8 workers of 8 for evacuation
[2024-03-17T11:38:11.141+0000][10.374s] GC(0)   Pre Evacuate Collection Set: 7.9ms
[2024-03-17T11:38:11.143+0000][10.376s] GC(0)   Merge Heap Roots: 6.5ms
[2024-03-17T11:38:11.144+0000][10.377s] GC(0)   Evacuate Collection Set: 72.6ms
[2024-03-17T11:38:11.149+0000][10.382s] GC(0)   Post Evacuate Collection Set: 39.7ms
[2024-03-17T11:38:11.154+0000][10.387s] GC(0)   Other: 36.4ms
[2024-03-17T11:38:11.157+0000][10.390s] GC(0) Eden regions: 29->0(41)
[2024-03-17T11:38:11.161+0000][10.394s] GC(0) Survivor regions: 0->4(4)
[2024-03-17T11:38:11.163+0000][10.396s] GC(0) Old regions: 0->1
[2024-03-17T11:38:11.165+0000][10.398s] GC(0) Archive regions: 2->2
[2024-03-17T11:38:11.170+0000][10.403s] GC(0) Humongous regions: 0->0
[2024-03-17T11:38:11.173+0000][10.406s] GC(0) Metaspace: 9882K(10176K)->9882K(10176K) NonClass: 8661K(8832K)->8661K(8832K) Class: 1221K(1344K)->1221K(1344K)
[2024-03-17T11:38:11.178+0000][10.411s] GC(0) Pause Young (Normal) (G1 Evacuation Pause) 29M->5M(512M) 191.186ms
[2024-03-17T11:38:11.182+0000][10.415s] GC(0) User=0.07s Sys=0.01s Real=0.19s
[2024-03-17T11:38:16.138+0000][15.371s] GC(1) Pause Young (Normal) (G1 Evacuation Pause)
[2024-03-17T11:38:16.139+0000][15.372s] GC(1) Using 8 workers of 8 for evacuation
[2024-03-17T11:38:16.431+0000][15.664s] GC(1) MMU target violated: 251.0ms (250.0ms/251.0ms)
[2024-03-17T11:38:16.432+0000][15.665s] GC(1)   Pre Evacuate Collection Set: 0.3ms
[2024-03-17T11:38:16.433+0000][15.666s] GC(1)   Merge Heap Roots: 0.1ms
[2024-03-17T11:38:16.433+0000][15.666s] GC(1)   Evacuate Collection Set: 288.5ms
[2024-03-17T11:38:16.437+0000][15.670s] GC(1)   Post Evacuate Collection Set: 1.0ms
[2024-03-17T11:38:16.437+0000][15.670s] GC(1)   Other: 4.2ms
[2024-03-17T11:38:16.438+0000][15.671s] GC(1) Eden regions: 41->0(31)
[2024-03-17T11:38:16.439+0000][15.671s] GC(1) Survivor regions: 4->6(6)
[2024-03-17T11:38:16.440+0000][15.673s] GC(1) Old regions: 1->9
[2024-03-17T11:38:16.442+0000][15.675s] GC(1) Archive regions: 2->2
[2024-03-17T11:38:16.443+0000][15.676s] GC(1) Humongous regions: 4->4
[2024-03-17T11:38:16.445+0000][15.678s] GC(1) Metaspace: 17863K(18112K)->17863K(18112K) NonClass: 15649K(15808K)->15649K(15808K) Class: 2213K(2304K)->2213K(2304K)
[2024-03-17T11:38:16.449+0000][15.682s] GC(1) Pause Young (Normal) (G1 Evacuation Pause) 50M->19M(512M) 311.221ms
[2024-03-17T11:38:16.450+0000][15.683s] GC(1) User=0.10s Sys=0.04s Real=0.31s
[2024-03-17T11:38:18.743+0000][17.976s] GC(2) Pause Young (Normal) (G1 Evacuation Pause)
[2024-03-17T11:38:18.745+0000][17.977s] GC(2) Using 8 workers of 8 for evacuation
[2024-03-17T11:38:18.947+0000][18.180s] GC(2)   Pre Evacuate Collection Set: 0.2ms
[2024-03-17T11:38:18.948+0000][18.181s] GC(2)   Merge Heap Roots: 0.2ms
[2024-03-17T11:38:18.949+0000][18.182s] GC(2)   Evacuate Collection Set: 190.6ms
[2024-03-17T11:38:18.951+0000][18.184s] GC(2)   Post Evacuate Collection Set: 1.1ms
[2024-03-17T11:38:18.953+0000][18.186s] GC(2)   Other: 13.4ms
[2024-03-17T11:38:18.956+0000][18.189s] GC(2) Eden regions: 28->0(33)
[2024-03-17T11:38:18.957+0000][18.190s] GC(2) Survivor regions: 6->5(5)
[2024-03-17T11:38:18.959+0000][18.192s] GC(2) Old regions: 9->15
[2024-03-17T11:38:18.961+0000][18.194s] GC(2) Archive regions: 2->2
[2024-03-17T11:38:18.962+0000][18.195s] GC(2) Humongous regions: 4->4
[2024-03-17T11:38:18.963+0000][18.195s] GC(2) Metaspace: 18124K(18432K)->18124K(18432K) NonClass: 15889K(16064K)->15889K(16064K) Class: 2234K(2368K)->2234K(2368K)
[2024-03-17T11:38:18.964+0000][18.197s] GC(2) Pause Young (Normal) (G1 Evacuation Pause) 47M->23M(512M) 220.996ms
[2024-03-17T11:38:18.965+0000][18.198s] GC(2) User=0.08s Sys=0.02s Real=0.23s
[2024-03-17T11:38:21.314+0000][20.547s] GC(3) Pause Young (Concurrent Start) (Metadata GC Threshold)
[2024-03-17T11:38:21.315+0000][20.548s] GC(3) Using 8 workers of 8 for evacuation
[2024-03-17T11:38:21.372+0000][20.605s] GC(3)   Pre Evacuate Collection Set: 0.7ms
[2024-03-17T11:38:21.373+0000][20.606s] GC(3)   Merge Heap Roots: 0.2ms
[2024-03-17T11:38:21.377+0000][20.610s] GC(3)   Evacuate Collection Set: 47.0ms
[2024-03-17T11:38:21.379+0000][20.612s] GC(3)   Post Evacuate Collection Set: 1.5ms
[2024-03-17T11:38:21.381+0000][20.614s] GC(3)   Other: 8.9ms
[2024-03-17T11:38:21.382+0000][20.615s] GC(3) Eden regions: 16->0(49)
[2024-03-17T11:38:21.387+0000][20.619s] GC(3) Survivor regions: 5->2(5)
[2024-03-17T11:38:21.387+0000][20.620s] GC(3) Old regions: 15->19
[2024-03-17T11:38:21.389+0000][20.622s] GC(3) Archive regions: 2->2
[2024-03-17T11:38:21.391+0000][20.624s] GC(3) Humongous regions: 4->4
[2024-03-17T11:38:21.392+0000][20.625s] GC(3) Metaspace: 21147K(21504K)->21147K(21504K) NonClass: 18531K(18688K)->18531K(18688K) Class: 2615K(2816K)->2615K(2816K)
[2024-03-17T11:38:21.393+0000][20.626s] GC(3) Pause Young (Concurrent Start) (Metadata GC Threshold) 39M->24M(512M) 79.066ms
[2024-03-17T11:38:21.397+0000][20.630s] GC(3) User=0.03s Sys=0.01s Real=0.08s
[2024-03-17T11:38:21.406+0000][20.638s] GC(4) Concurrent Mark Cycle
[2024-03-17T11:38:21.409+0000][20.642s] GC(4) Concurrent Clear Claimed Marks
[2024-03-17T11:38:21.412+0000][20.644s] GC(4) Concurrent Clear Claimed Marks 2.473ms
[2024-03-17T11:38:21.413+0000][20.646s] GC(4) Concurrent Scan Root Regions
[2024-03-17T11:38:21.418+0000][20.651s] GC(4) Concurrent Scan Root Regions 4.628ms
[2024-03-17T11:38:21.419+0000][20.652s] GC(4) Concurrent Mark
[2024-03-17T11:38:21.422+0000][20.655s] GC(4) Concurrent Mark From Roots
[2024-03-17T11:38:21.424+0000][20.657s] GC(4) Using 2 workers of 2 for marking
[2024-03-17T11:38:21.475+0000][20.708s] GC(4) Concurrent Mark From Roots 53.152ms
[2024-03-17T11:38:21.477+0000][20.709s] GC(4) Concurrent Preclean
[2024-03-17T11:38:21.479+0000][20.712s] GC(4) Concurrent Preclean 2.338ms
[2024-03-17T11:38:21.481+0000][20.713s] GC(4) Pause Remark
[2024-03-17T11:38:21.507+0000][20.740s] GC(4) Pause Remark 25M->25M(512M) 26.055ms
[2024-03-17T11:38:21.508+0000][20.741s] GC(4) User=0.02s Sys=0.00s Real=0.03s
[2024-03-17T11:38:21.511+0000][20.744s] GC(4) Concurrent Mark 92.052ms
[2024-03-17T11:38:21.512+0000][20.745s] GC(4) Concurrent Rebuild Remembered Sets
[2024-03-17T11:38:21.567+0000][20.799s] GC(4) Concurrent Rebuild Remembered Sets 54.687ms
[2024-03-17T11:38:21.570+0000][20.802s] GC(4) Pause Cleanup
[2024-03-17T11:38:21.572+0000][20.805s] GC(4) Pause Cleanup 25M->25M(512M) 2.759ms
[2024-03-17T11:38:21.573+0000][20.806s] GC(4) User=0.01s Sys=0.00s Real=0.00s
[2024-03-17T11:38:21.580+0000][20.812s] GC(4) Concurrent Cleanup for Next Mark
[2024-03-17T11:38:21.583+0000][20.816s] GC(4) Concurrent Cleanup for Next Mark 3.419ms
[2024-03-17T11:38:21.586+0000][20.819s] GC(4) Concurrent Mark Cycle 180.161ms
[2024-03-17T11:38:26.338+0000][25.571s] GC(5) Pause Young (Prepare Mixed) (G1 Evacuation Pause)
[2024-03-17T11:38:26.354+0000][25.587s] GC(5) Using 8 workers of 8 for evacuation
[2024-03-17T11:38:26.490+0000][25.723s] GC(5)   Pre Evacuate Collection Set: 0.5ms
[2024-03-17T11:38:26.493+0000][25.726s] GC(5)   Merge Heap Roots: 0.2ms
[2024-03-17T11:38:26.496+0000][25.729s] GC(5)   Evacuate Collection Set: 117.4ms
[2024-03-17T11:38:26.498+0000][25.731s] GC(5)   Post Evacuate Collection Set: 6.9ms
[2024-03-17T11:38:26.507+0000][25.740s] GC(5)   Other: 26.9ms
[2024-03-17T11:38:26.510+0000][25.743s] GC(5) Eden regions: 56->0(22)
[2024-03-17T11:38:26.520+0000][25.753s] GC(5) Survivor regions: 2->3(8)
[2024-03-17T11:38:26.527+0000][25.759s] GC(5) Old regions: 19->19
[2024-03-17T11:38:26.529+0000][25.762s] GC(5) Archive regions: 2->2
[2024-03-17T11:38:26.532+0000][25.765s] GC(5) Humongous regions: 4->4
[2024-03-17T11:38:26.535+0000][25.768s] GC(5) Metaspace: 28089K(28416K)->28089K(28416K) NonClass: 24606K(24768K)->24606K(24768K) Class: 3482K(3648K)->3482K(3648K)
[2024-03-17T11:38:26.538+0000][25.771s] GC(5) Pause Young (Prepare Mixed) (G1 Evacuation Pause) 80M->25M(512M) 199.992ms
[2024-03-17T11:38:26.543+0000][25.776s] GC(5) User=0.06s Sys=0.03s Real=0.20s
[2024-03-17T11:38:29.478+0000][28.711s] GC(6) Pause Young (Mixed) (G1 Evacuation Pause)
[2024-03-17T11:38:29.479+0000][28.712s] GC(6) Using 8 workers of 8 for evacuation
[2024-03-17T11:38:29.562+0000][28.795s] GC(6)   Pre Evacuate Collection Set: 0.2ms
[2024-03-17T11:38:29.563+0000][28.796s] GC(6)   Merge Heap Roots: 3.0ms
[2024-03-17T11:38:29.566+0000][28.798s] GC(6)   Evacuate Collection Set: 75.5ms
[2024-03-17T11:38:29.567+0000][28.800s] GC(6)   Post Evacuate Collection Set: 3.1ms
[2024-03-17T11:38:29.573+0000][28.805s] GC(6)   Other: 1.7ms
[2024-03-17T11:38:29.575+0000][28.808s] GC(6) Eden regions: 22->0(32)
[2024-03-17T11:38:29.577+0000][28.810s] GC(6) Survivor regions: 3->4(4)
[2024-03-17T11:38:29.578+0000][28.811s] GC(6) Old regions: 19->20
[2024-03-17T11:38:29.578+0000][28.811s] GC(6) Archive regions: 2->2
[2024-03-17T11:38:29.581+0000][28.813s] GC(6) Humongous regions: 4->4
[2024-03-17T11:38:29.582+0000][28.815s] GC(6) Metaspace: 33305K(33600K)->33305K(33600K) NonClass: 29143K(29312K)->29143K(29312K) Class: 4161K(4288K)->4161K(4288K)
[2024-03-17T11:38:29.583+0000][28.816s] GC(6) Pause Young (Mixed) (G1 Evacuation Pause) 47M->28M(512M) 104.455ms
[2024-03-17T11:38:29.585+0000][28.818s] GC(6) User=0.06s Sys=0.02s Real=0.11s
[2024-03-17T11:38:33.900+0000][33.132s] GC(7) Pause Young (Concurrent Start) (Metadata GC Threshold)
[2024-03-17T11:38:33.902+0000][33.135s] GC(7) Using 8 workers of 8 for evacuation
[2024-03-17T11:38:34.037+0000][33.270s] GC(7)   Pre Evacuate Collection Set: 0.5ms
[2024-03-17T11:38:34.040+0000][33.273s] GC(7)   Merge Heap Roots: 0.1ms
[2024-03-17T11:38:34.044+0000][33.277s] GC(7)   Evacuate Collection Set: 121.1ms
[2024-03-17T11:38:34.045+0000][33.278s] GC(7)   Post Evacuate Collection Set: 10.9ms
[2024-03-17T11:38:34.047+0000][33.280s] GC(7)   Other: 10.9ms
[2024-03-17T11:38:34.054+0000][33.287s] GC(7) Eden regions: 19->0(37)
[2024-03-17T11:38:34.055+0000][33.288s] GC(7) Survivor regions: 4->2(5)
[2024-03-17T11:38:34.056+0000][33.289s] GC(7) Old regions: 20->24
[2024-03-17T11:38:34.058+0000][33.291s] GC(7) Archive regions: 2->2
[2024-03-17T11:38:34.059+0000][33.291s] GC(7) Humongous regions: 4->4
[2024-03-17T11:38:34.060+0000][33.293s] GC(7) Metaspace: 35726K(36096K)->35726K(36096K) NonClass: 31242K(31424K)->31242K(31424K) Class: 4484K(4672K)->4484K(4672K)
[2024-03-17T11:38:34.061+0000][33.294s] GC(7) Pause Young (Concurrent Start) (Metadata GC Threshold) 47M->29M(512M) 161.573ms
[2024-03-17T11:38:34.062+0000][33.295s] GC(7) User=0.08s Sys=0.03s Real=0.16s
[2024-03-17T11:38:34.063+0000][33.296s] GC(8) Concurrent Mark Cycle
[2024-03-17T11:38:34.069+0000][33.302s] GC(8) Concurrent Clear Claimed Marks
[2024-03-17T11:38:34.070+0000][33.303s] GC(8) Concurrent Clear Claimed Marks 1.023ms
[2024-03-17T11:38:34.071+0000][33.303s] GC(8) Concurrent Scan Root Regions
[2024-03-17T11:38:34.081+0000][33.313s] GC(8) Concurrent Scan Root Regions 9.999ms
[2024-03-17T11:38:34.082+0000][33.314s] GC(8) Concurrent Mark
[2024-03-17T11:38:34.083+0000][33.316s] GC(8) Concurrent Mark From Roots
[2024-03-17T11:38:34.085+0000][33.318s] GC(8) Using 2 workers of 2 for marking
[2024-03-17T11:38:34.176+0000][33.409s] GC(8) Concurrent Mark From Roots 93.055ms
[2024-03-17T11:38:34.179+0000][33.411s] GC(8) Concurrent Preclean
[2024-03-17T11:38:34.180+0000][33.413s] GC(8) Concurrent Preclean 1.416ms
[2024-03-17T11:38:34.190+0000][33.422s] GC(8) Pause Remark
[2024-03-17T11:38:34.224+0000][33.457s] GC(8) Pause Remark 31M->31M(512M) 34.341ms
[2024-03-17T11:38:34.227+0000][33.459s] GC(8) User=0.02s Sys=0.00s Real=0.04s
[2024-03-17T11:38:34.228+0000][33.461s] GC(8) Concurrent Mark 146.150ms
[2024-03-17T11:38:34.230+0000][33.463s] GC(8) Concurrent Rebuild Remembered Sets
[2024-03-17T11:38:34.280+0000][33.512s] GC(8) Concurrent Rebuild Remembered Sets 49.793ms
[2024-03-17T11:38:34.312+0000][33.544s] GC(8) Pause Cleanup
[2024-03-17T11:38:34.315+0000][33.548s] GC(8) Pause Cleanup 31M->31M(512M) 3.530ms
[2024-03-17T11:38:34.327+0000][33.560s] GC(8) User=0.00s Sys=0.00s Real=0.02s
[2024-03-17T11:38:34.332+0000][33.565s] GC(8) Concurrent Cleanup for Next Mark
[2024-03-17T11:38:35.000+0000][34.232s] GC(8) Concurrent Cleanup for Next Mark 667.225ms
[2024-03-17T11:38:35.003+0000][34.236s] GC(8) Concurrent Mark Cycle 939.919ms
[2024-03-17T11:38:36.341+0000][35.574s] GC(9) Pause Young (Concurrent Start) (G1 Evacuation Pause)
[2024-03-17T11:38:36.345+0000][35.578s] GC(9) Using 8 workers of 8 for evacuation
[2024-03-17T11:38:36.365+0000][35.598s] GC(9)   Pre Evacuate Collection Set: 0.4ms
[2024-03-17T11:38:36.366+0000][35.599s] GC(9)   Merge Heap Roots: 0.4ms
[2024-03-17T11:38:36.368+0000][35.601s] GC(9)   Evacuate Collection Set: 17.4ms
[2024-03-17T11:38:36.368+0000][35.601s] GC(9)   Post Evacuate Collection Set: 1.1ms
[2024-03-17T11:38:36.370+0000][35.603s] GC(9)   Other: 4.9ms
[2024-03-17T11:38:36.372+0000][35.605s] GC(9) Eden regions: 39->0(45)
[2024-03-17T11:38:36.374+0000][35.607s] GC(9) Survivor regions: 2->4(6)
[2024-03-17T11:38:36.376+0000][35.609s] GC(9) Old regions: 24->24
[2024-03-17T11:38:36.377+0000][35.610s] GC(9) Archive regions: 2->2
[2024-03-17T11:38:36.382+0000][35.615s] GC(9) Humongous regions: 4->4
[2024-03-17T11:38:36.383+0000][35.616s] GC(9) Metaspace: 41484K(41856K)->41484K(41856K) NonClass: 36166K(36352K)->36166K(36352K) Class: 5317K(5504K)->5317K(5504K)
[2024-03-17T11:38:36.389+0000][35.622s] GC(9) Pause Young (Concurrent Start) (G1 Evacuation Pause) 68M->32M(512M) 48.082ms
[2024-03-17T11:38:36.392+0000][35.625s] GC(9) User=0.09s Sys=0.00s Real=0.05s
[2024-03-17T11:38:36.394+0000][35.627s] GC(10) Concurrent Mark Cycle
[2024-03-17T11:38:36.395+0000][35.628s] GC(10) Concurrent Clear Claimed Marks
[2024-03-17T11:38:36.397+0000][35.629s] GC(10) Concurrent Clear Claimed Marks 1.246ms
[2024-03-17T11:38:36.397+0000][35.630s] GC(10) Concurrent Scan Root Regions
[2024-03-17T11:38:36.407+0000][35.640s] GC(10) Concurrent Scan Root Regions 9.590ms
[2024-03-17T11:38:36.408+0000][35.641s] GC(10) Concurrent Mark
[2024-03-17T11:38:36.411+0000][35.643s] GC(10) Concurrent Mark From Roots
[2024-03-17T11:38:36.412+0000][35.645s] GC(10) Using 2 workers of 2 for marking
[2024-03-17T11:38:36.498+0000][35.731s] GC(10) Concurrent Mark From Roots 87.681ms
[2024-03-17T11:38:36.501+0000][35.734s] GC(10) Concurrent Preclean
[2024-03-17T11:38:36.503+0000][35.736s] GC(10) Concurrent Preclean 1.968ms
[2024-03-17T11:38:36.505+0000][35.737s] GC(10) Pause Remark
[2024-03-17T11:38:36.512+0000][35.745s] GC(10) Pause Remark 35M->35M(512M) 7.167ms
[2024-03-17T11:38:36.513+0000][35.746s] GC(10) User=0.02s Sys=0.01s Real=0.00s
[2024-03-17T11:38:36.515+0000][35.748s] GC(10) Concurrent Mark 107.636ms
[2024-03-17T11:38:36.519+0000][35.752s] GC(10) Concurrent Rebuild Remembered Sets
[2024-03-17T11:38:36.550+0000][35.783s] GC(10) Concurrent Rebuild Remembered Sets 31.685ms
[2024-03-17T11:38:36.554+0000][35.786s] GC(10) Pause Cleanup
[2024-03-17T11:38:36.555+0000][35.788s] GC(10) Pause Cleanup 37M->37M(512M) 1.334ms
[2024-03-17T11:38:36.556+0000][35.789s] GC(10) User=0.00s Sys=0.00s Real=0.01s
[2024-03-17T11:38:36.557+0000][35.790s] GC(10) Concurrent Cleanup for Next Mark
[2024-03-17T11:38:36.918+0000][36.151s] GC(10) Concurrent Cleanup for Next Mark 361.503ms
[2024-03-17T11:38:36.920+0000][36.153s] GC(10) Concurrent Mark Cycle 526.014ms
[2024-03-17T11:38:43.901+0000][43.109s] GC(11) Pause Young (Normal) (G1 Evacuation Pause)
[2024-03-17T11:38:43.902+0000][43.110s] GC(11) Using 8 workers of 8 for evacuation
[2024-03-17T11:38:43.970+0000][43.179s] GC(11)   Pre Evacuate Collection Set: 0.2ms
[2024-03-17T11:38:43.971+0000][43.180s] GC(11)   Merge Heap Roots: 0.1ms
[2024-03-17T11:38:43.972+0000][43.180s] GC(11)   Evacuate Collection Set: 65.9ms
[2024-03-17T11:38:43.973+0000][43.181s] GC(11)   Post Evacuate Collection Set: 1.3ms
[2024-03-17T11:38:43.974+0000][43.183s] GC(11)   Other: 2.0ms
[2024-03-17T11:38:43.975+0000][43.184s] GC(11) Eden regions: 53->0(65)
[2024-03-17T11:38:43.976+0000][43.185s] GC(11) Survivor regions: 4->8(8)
[2024-03-17T11:38:43.977+0000][43.186s] GC(11) Old regions: 24->24
[2024-03-17T11:38:43.978+0000][43.187s] GC(11) Archive regions: 2->2
[2024-03-17T11:38:43.979+0000][43.187s] GC(11) Humongous regions: 4->4
[2024-03-17T11:38:43.980+0000][43.189s] GC(11) Metaspace: 46404K(46848K)->46404K(46848K) NonClass: 40441K(40640K)->40441K(40640K) Class: 5962K(6208K)->5962K(6208K)
[2024-03-17T11:38:43.981+0000][43.190s] GC(11) Pause Young (Normal) (G1 Evacuation Pause) 85M->36M(512M) 80.263ms
[2024-03-17T11:38:43.982+0000][43.190s] GC(11) User=0.06s Sys=0.04s Real=0.08s
[2024-03-17T11:38:52.088+0000][51.296s] GC(12) Pause Young (Normal) (G1 Evacuation Pause)
[2024-03-17T11:38:52.089+0000][51.298s] GC(12) Using 8 workers of 8 for evacuation
[2024-03-17T11:38:52.174+0000][51.383s] GC(12)   Pre Evacuate Collection Set: 0.2ms
[2024-03-17T11:38:52.175+0000][51.384s] GC(12)   Merge Heap Roots: 0.1ms
[2024-03-17T11:38:52.176+0000][51.385s] GC(12)   Evacuate Collection Set: 81.3ms
[2024-03-17T11:38:52.177+0000][51.385s] GC(12)   Post Evacuate Collection Set: 3.0ms
[2024-03-17T11:38:52.177+0000][51.386s] GC(12)   Other: 1.8ms
[2024-03-17T11:38:52.178+0000][51.387s] GC(12) Eden regions: 65->0(56)
[2024-03-17T11:38:52.179+0000][51.387s] GC(12) Survivor regions: 8->10(10)
[2024-03-17T11:38:52.179+0000][51.388s] GC(12) Old regions: 24->29
[2024-03-17T11:38:52.180+0000][51.389s] GC(12) Archive regions: 2->2
[2024-03-17T11:38:52.181+0000][51.390s] GC(12) Humongous regions: 4->4
[2024-03-17T11:38:52.182+0000][51.390s] GC(12) Metaspace: 51094K(51648K)->51094K(51648K) NonClass: 44521K(44800K)->44521K(44800K) Class: 6573K(6848K)->6573K(6848K)
[2024-03-17T11:38:52.182+0000][51.390s] GC(12) Pause Young (Normal) (G1 Evacuation Pause) 101M->43M(512M) 93.927ms
[2024-03-17T11:38:52.183+0000][51.391s] GC(12) User=0.09s Sys=0.05s Real=0.10s
[2024-03-17T11:39:16.281+0000][75.514s] Heap
[2024-03-17T11:39:16.281+0000][75.514s]  garbage-first heap   total 524288K, used 70393K [0x00000000e0000000, 0x0000000100000000)
[2024-03-17T11:39:16.282+0000][75.515s]   region size 1024K, 36 young (36864K), 10 survivors (10240K)
[2024-03-17T11:39:16.283+0000][75.516s]  Metaspace       used 53869K, committed 54336K, reserved 1114112K
[2024-03-17T11:39:16.283+0000][75.516s]   class space    used 6997K, committed 7232K, reserved 1048576K
