[2024-03-17T09:45:43.481+0000][0.244s] Using G1
[2024-03-17T09:45:43.602+0000][0.365s] Version: 17.0.10+7 (release)
[2024-03-17T09:45:43.603+0000][0.366s] CPUs: 8 total, 8 available
[2024-03-17T09:45:43.604+0000][0.367s] Memory: 1967M
[2024-03-17T09:45:43.604+0000][0.368s] Large Page Support: Disabled
[2024-03-17T09:45:43.605+0000][0.368s] NUMA Support: Disabled
[2024-03-17T09:45:43.606+0000][0.369s] Compressed Oops: Enabled (32-bit)
[2024-03-17T09:45:43.606+0000][0.370s] Heap Region Size: 1M
[2024-03-17T09:45:43.607+0000][0.370s] Heap Min Capacity: 512M
[2024-03-17T09:45:43.607+0000][0.370s] Heap Initial Capacity: 512M
[2024-03-17T09:45:43.608+0000][0.371s] Heap Max Capacity: 512M
[2024-03-17T09:45:43.608+0000][0.371s] Pre-touch: Enabled
[2024-03-17T09:45:43.609+0000][0.372s] Parallel Workers: 8
[2024-03-17T09:45:43.610+0000][0.373s] Concurrent Workers: 2
[2024-03-17T09:45:43.610+0000][0.374s] Concurrent Refinement Workers: 8
[2024-03-17T09:45:43.611+0000][0.374s] Periodic GC: Disabled
[2024-03-17T09:45:43.619+0000][0.382s] CDS archive(s) mapped at: [0x00007f889b000000-0x00007f889ba5f000-0x00007f889ba5f000), size 10874880, SharedBaseAddress: 0x00007f889b000000, ArchiveRelocationMode: 1.
[2024-03-17T09:45:43.621+0000][0.384s] Compressed class space mapped at: 0x00007f889c000000-0x00007f88dc000000, reserved size: 1073741824
[2024-03-17T09:45:43.622+0000][0.385s] Narrow klass base: 0x00007f889b000000, Narrow klass shift: 0, Narrow klass range: 0x100000000
[2024-03-17T09:45:48.966+0000][5.729s] GC(0) Pause Young (Normal) (G1 Evacuation Pause)
[2024-03-17T09:45:48.967+0000][5.730s] GC(0) Using 8 workers of 8 for evacuation
[2024-03-17T09:45:49.011+0000][5.774s] GC(0)   Pre Evacuate Collection Set: 0.9ms
[2024-03-17T09:45:49.012+0000][5.775s] GC(0)   Merge Heap Roots: 8.3ms
[2024-03-17T09:45:49.015+0000][5.778s] GC(0)   Evacuate Collection Set: 25.1ms
[2024-03-17T09:45:49.016+0000][5.779s] GC(0)   Post Evacuate Collection Set: 6.2ms
[2024-03-17T09:45:49.017+0000][5.780s] GC(0)   Other: 4.8ms
[2024-03-17T09:45:49.019+0000][5.782s] GC(0) Eden regions: 29->0(48)
[2024-03-17T09:45:49.021+0000][5.784s] GC(0) Survivor regions: 0->4(4)
[2024-03-17T09:45:49.022+0000][5.785s] GC(0) Old regions: 0->1
[2024-03-17T09:45:49.026+0000][5.789s] GC(0) Archive regions: 2->2
[2024-03-17T09:45:49.027+0000][5.790s] GC(0) Humongous regions: 0->0
[2024-03-17T09:45:49.031+0000][5.794s] GC(0) Metaspace: 9980K(10304K)->9980K(10304K) NonClass: 8736K(8896K)->8736K(8896K) Class: 1244K(1408K)->1244K(1408K)
[2024-03-17T09:45:49.039+0000][5.803s] GC(0) Pause Young (Normal) (G1 Evacuation Pause) 29M->5M(512M) 70.752ms
[2024-03-17T09:45:49.044+0000][5.807s] GC(0) User=0.02s Sys=0.01s Real=0.08s
[2024-03-17T09:45:53.618+0000][10.381s] GC(1) Pause Young (Normal) (G1 Evacuation Pause)
[2024-03-17T09:45:53.620+0000][10.384s] GC(1) Using 8 workers of 8 for evacuation
[2024-03-17T09:45:53.928+0000][10.691s] GC(1) MMU target violated: 251.0ms (250.0ms/251.0ms)
[2024-03-17T09:45:53.929+0000][10.692s] GC(1)   Pre Evacuate Collection Set: 0.5ms
[2024-03-17T09:45:53.930+0000][10.693s] GC(1)   Merge Heap Roots: 0.1ms
[2024-03-17T09:45:53.931+0000][10.694s] GC(1)   Evacuate Collection Set: 298.7ms
[2024-03-17T09:45:53.931+0000][10.694s] GC(1)   Post Evacuate Collection Set: 3.7ms
[2024-03-17T09:45:53.932+0000][10.695s] GC(1)   Other: 7.9ms
[2024-03-17T09:45:53.933+0000][10.696s] GC(1) Eden regions: 42->0(35)
[2024-03-17T09:45:53.934+0000][10.697s] GC(1) Survivor regions: 4->6(6)
[2024-03-17T09:45:53.935+0000][10.698s] GC(1) Old regions: 1->9
[2024-03-17T09:45:53.936+0000][10.699s] GC(1) Archive regions: 2->2
[2024-03-17T09:45:53.941+0000][10.704s] GC(1) Humongous regions: 4->4
[2024-03-17T09:45:53.943+0000][10.706s] GC(1) Metaspace: 17829K(18048K)->17829K(18048K) NonClass: 15615K(15744K)->15615K(15744K) Class: 2213K(2304K)->2213K(2304K)
[2024-03-17T09:45:53.946+0000][10.709s] GC(1) Pause Young (Normal) (G1 Evacuation Pause) 51M->19M(512M) 327.986ms
[2024-03-17T09:45:53.948+0000][10.711s] GC(1) User=0.11s Sys=0.05s Real=0.33s
[2024-03-17T09:45:56.987+0000][13.750s] GC(2) Pause Young (Normal) (G1 Evacuation Pause)
[2024-03-17T09:45:56.991+0000][13.754s] GC(2) Using 8 workers of 8 for evacuation
[2024-03-17T09:45:57.143+0000][13.906s] GC(2)   Pre Evacuate Collection Set: 0.3ms
[2024-03-17T09:45:57.145+0000][13.908s] GC(2)   Merge Heap Roots: 0.2ms
[2024-03-17T09:45:57.146+0000][13.909s] GC(2)   Evacuate Collection Set: 149.5ms
[2024-03-17T09:45:57.147+0000][13.910s] GC(2)   Post Evacuate Collection Set: 1.1ms
[2024-03-17T09:45:57.148+0000][13.911s] GC(2)   Other: 7.2ms
[2024-03-17T09:45:57.149+0000][13.912s] GC(2) Eden regions: 35->0(38)
[2024-03-17T09:45:57.150+0000][13.913s] GC(2) Survivor regions: 6->4(6)
[2024-03-17T09:45:57.150+0000][13.913s] GC(2) Old regions: 9->15
[2024-03-17T09:45:57.151+0000][13.914s] GC(2) Archive regions: 2->2
[2024-03-17T09:45:57.156+0000][13.919s] GC(2) Humongous regions: 4->4
[2024-03-17T09:45:57.157+0000][13.920s] GC(2) Metaspace: 19933K(20224K)->19933K(20224K) NonClass: 17466K(17600K)->17466K(17600K) Class: 2467K(2624K)->2467K(2624K)
[2024-03-17T09:45:57.158+0000][13.921s] GC(2) Pause Young (Normal) (G1 Evacuation Pause) 54M->23M(512M) 170.718ms
[2024-03-17T09:45:57.159+0000][13.922s] GC(2) User=0.19s Sys=0.03s Real=0.17s
[2024-03-17T09:45:57.631+0000][14.394s] GC(3) Pause Young (Concurrent Start) (Metadata GC Threshold)
[2024-03-17T09:45:57.633+0000][14.396s] GC(3) Using 8 workers of 8 for evacuation
[2024-03-17T09:45:57.722+0000][14.485s] GC(3)   Pre Evacuate Collection Set: 0.2ms
[2024-03-17T09:45:57.723+0000][14.486s] GC(3)   Merge Heap Roots: 2.4ms
[2024-03-17T09:45:57.724+0000][14.487s] GC(3)   Evacuate Collection Set: 65.2ms
[2024-03-17T09:45:57.725+0000][14.488s] GC(3)   Post Evacuate Collection Set: 1.2ms
[2024-03-17T09:45:57.725+0000][14.488s] GC(3)   Other: 21.8ms
[2024-03-17T09:45:57.726+0000][14.489s] GC(3) Eden regions: 8->0(57)
[2024-03-17T09:45:57.727+0000][14.490s] GC(3) Survivor regions: 4->1(6)
[2024-03-17T09:45:57.729+0000][14.492s] GC(3) Old regions: 15->20
[2024-03-17T09:45:57.729+0000][14.492s] GC(3) Archive regions: 2->2
[2024-03-17T09:45:57.730+0000][14.493s] GC(3) Humongous regions: 4->4
[2024-03-17T09:45:57.731+0000][14.494s] GC(3) Metaspace: 21187K(21504K)->21187K(21504K) NonClass: 18565K(18688K)->18565K(18688K) Class: 2621K(2816K)->2621K(2816K)
[2024-03-17T09:45:57.732+0000][14.495s] GC(3) Pause Young (Concurrent Start) (Metadata GC Threshold) 31M->24M(512M) 100.650ms
[2024-03-17T09:45:57.734+0000][14.497s] GC(3) User=0.02s Sys=0.02s Real=0.10s
[2024-03-17T09:45:57.735+0000][14.498s] GC(4) Concurrent Mark Cycle
[2024-03-17T09:45:57.736+0000][14.499s] GC(4) Concurrent Clear Claimed Marks
[2024-03-17T09:45:57.737+0000][14.500s] GC(4) Concurrent Clear Claimed Marks 0.974ms
[2024-03-17T09:45:57.741+0000][14.505s] GC(4) Concurrent Scan Root Regions
[2024-03-17T09:45:57.745+0000][14.508s] GC(4) Concurrent Scan Root Regions 3.434ms
[2024-03-17T09:45:57.747+0000][14.510s] GC(4) Concurrent Mark
[2024-03-17T09:45:57.748+0000][14.511s] GC(4) Concurrent Mark From Roots
[2024-03-17T09:45:57.749+0000][14.512s] GC(4) Using 2 workers of 2 for marking
[2024-03-17T09:45:57.817+0000][14.581s] GC(4) Concurrent Mark From Roots 69.576ms
[2024-03-17T09:45:57.821+0000][14.584s] GC(4) Concurrent Preclean
[2024-03-17T09:45:57.823+0000][14.587s] GC(4) Concurrent Preclean 2.542ms
[2024-03-17T09:45:57.827+0000][14.590s] GC(4) Pause Remark
[2024-03-17T09:45:57.851+0000][14.614s] GC(4) Pause Remark 25M->25M(512M) 24.012ms
[2024-03-17T09:45:57.853+0000][14.616s] GC(4) User=0.02s Sys=0.00s Real=0.02s
[2024-03-17T09:45:57.855+0000][14.618s] GC(4) Concurrent Mark 107.934ms
[2024-03-17T09:45:57.856+0000][14.619s] GC(4) Concurrent Rebuild Remembered Sets
[2024-03-17T09:45:57.884+0000][14.647s] GC(4) Concurrent Rebuild Remembered Sets 28.127ms
[2024-03-17T09:45:57.887+0000][14.650s] GC(4) Pause Cleanup
[2024-03-17T09:45:57.890+0000][14.653s] GC(4) Pause Cleanup 26M->26M(512M) 2.867ms
[2024-03-17T09:45:57.891+0000][14.654s] GC(4) User=0.00s Sys=0.00s Real=0.00s
[2024-03-17T09:45:57.894+0000][14.657s] GC(4) Concurrent Cleanup for Next Mark
[2024-03-17T09:45:57.897+0000][14.661s] GC(4) Concurrent Cleanup for Next Mark 3.780ms
[2024-03-17T09:45:57.901+0000][14.664s] GC(4) Concurrent Mark Cycle 166.645ms
[2024-03-17T09:46:01.133+0000][17.896s] GC(5) Pause Young (Normal) (G1 Evacuation Pause)
[2024-03-17T09:46:01.134+0000][17.897s] GC(5) Using 8 workers of 8 for evacuation
[2024-03-17T09:46:01.147+0000][17.911s] GC(5)   Pre Evacuate Collection Set: 0.4ms
[2024-03-17T09:46:01.148+0000][17.912s] GC(5)   Merge Heap Roots: 0.2ms
[2024-03-17T09:46:01.149+0000][17.912s] GC(5)   Evacuate Collection Set: 10.4ms
[2024-03-17T09:46:01.150+0000][17.913s] GC(5)   Post Evacuate Collection Set: 1.3ms
[2024-03-17T09:46:01.153+0000][17.916s] GC(5)   Other: 2.6ms
[2024-03-17T09:46:01.154+0000][17.917s] GC(5) Eden regions: 63->0(236)
[2024-03-17T09:46:01.155+0000][17.918s] GC(5) Survivor regions: 1->2(8)
[2024-03-17T09:46:01.157+0000][17.920s] GC(5) Old regions: 20->20
[2024-03-17T09:46:01.159+0000][17.922s] GC(5) Archive regions: 2->2
[2024-03-17T09:46:01.160+0000][17.923s] GC(5) Humongous regions: 4->4
[2024-03-17T09:46:01.162+0000][17.925s] GC(5) Metaspace: 26266K(26624K)->26266K(26624K) NonClass: 22998K(23168K)->22998K(23168K) Class: 3267K(3456K)->3267K(3456K)
[2024-03-17T09:46:01.163+0000][17.926s] GC(5) Pause Young (Normal) (G1 Evacuation Pause) 87M->25M(512M) 29.993ms
[2024-03-17T09:46:01.164+0000][17.927s] GC(5) User=0.04s Sys=0.00s Real=0.03s
[2024-03-17T09:46:04.472+0000][21.235s] GC(6) Pause Young (Concurrent Start) (Metadata GC Threshold)
[2024-03-17T09:46:04.473+0000][21.236s] GC(6) Using 8 workers of 8 for evacuation
[2024-03-17T09:46:04.479+0000][21.243s] GC(6)   Pre Evacuate Collection Set: 0.2ms
[2024-03-17T09:46:04.480+0000][21.243s] GC(6)   Merge Heap Roots: 0.2ms
[2024-03-17T09:46:04.481+0000][21.244s] GC(6)   Evacuate Collection Set: 4.3ms
[2024-03-17T09:46:04.482+0000][21.245s] GC(6)   Post Evacuate Collection Set: 1.3ms
[2024-03-17T09:46:04.482+0000][21.246s] GC(6)   Other: 1.6ms
[2024-03-17T09:46:04.483+0000][21.246s] GC(6) Eden regions: 51->0(191)
[2024-03-17T09:46:04.483+0000][21.246s] GC(6) Survivor regions: 2->7(30)
[2024-03-17T09:46:04.484+0000][21.247s] GC(6) Old regions: 20->20
[2024-03-17T09:46:04.484+0000][21.247s] GC(6) Archive regions: 2->2
[2024-03-17T09:46:04.485+0000][21.248s] GC(6) Humongous regions: 4->4
[2024-03-17T09:46:04.485+0000][21.248s] GC(6) Metaspace: 35806K(36160K)->35806K(36160K) NonClass: 31294K(31488K)->31294K(31488K) Class: 4511K(4672K)->4511K(4672K)
[2024-03-17T09:46:04.486+0000][21.249s] GC(6) Pause Young (Concurrent Start) (Metadata GC Threshold) 75M->30M(512M) 13.929ms
[2024-03-17T09:46:04.487+0000][21.250s] GC(6) User=0.03s Sys=0.01s Real=0.02s
[2024-03-17T09:46:04.488+0000][21.251s] GC(7) Concurrent Mark Cycle
[2024-03-17T09:46:04.489+0000][21.252s] GC(7) Concurrent Clear Claimed Marks
[2024-03-17T09:46:04.490+0000][21.253s] GC(7) Concurrent Clear Claimed Marks 1.029ms
[2024-03-17T09:46:04.490+0000][21.254s] GC(7) Concurrent Scan Root Regions
[2024-03-17T09:46:04.496+0000][21.259s] GC(7) Concurrent Scan Root Regions 5.530ms
[2024-03-17T09:46:04.497+0000][21.260s] GC(7) Concurrent Mark
[2024-03-17T09:46:04.498+0000][21.261s] GC(7) Concurrent Mark From Roots
[2024-03-17T09:46:04.498+0000][21.262s] GC(7) Using 2 workers of 2 for marking
[2024-03-17T09:46:04.521+0000][21.284s] GC(7) Concurrent Mark From Roots 22.727ms
[2024-03-17T09:46:04.522+0000][21.285s] GC(7) Concurrent Preclean
[2024-03-17T09:46:04.523+0000][21.286s] GC(7) Concurrent Preclean 0.937ms
[2024-03-17T09:46:04.524+0000][21.287s] GC(7) Pause Remark
[2024-03-17T09:46:04.527+0000][21.291s] GC(7) Pause Remark 33M->33M(512M) 3.591ms
[2024-03-17T09:46:04.528+0000][21.291s] GC(7) User=0.01s Sys=0.00s Real=0.01s
[2024-03-17T09:46:04.529+0000][21.292s] GC(7) Concurrent Mark 31.722ms
[2024-03-17T09:46:04.529+0000][21.292s] GC(7) Concurrent Rebuild Remembered Sets
[2024-03-17T09:46:04.541+0000][21.305s] GC(7) Concurrent Rebuild Remembered Sets 12.362ms
[2024-03-17T09:46:04.543+0000][21.306s] GC(7) Pause Cleanup
[2024-03-17T09:46:04.544+0000][21.307s] GC(7) Pause Cleanup 34M->34M(512M) 1.372ms
[2024-03-17T09:46:04.545+0000][21.308s] GC(7) User=0.00s Sys=0.00s Real=0.00s
[2024-03-17T09:46:04.546+0000][21.310s] GC(7) Concurrent Cleanup for Next Mark
[2024-03-17T09:46:04.548+0000][21.311s] GC(7) Concurrent Cleanup for Next Mark 1.781ms
[2024-03-17T09:46:04.549+0000][21.312s] GC(7) Concurrent Mark Cycle 61.190ms
[2024-03-17T10:01:51.251+0000][968.014s] Heap
[2024-03-17T10:01:51.253+0000][968.015s]  garbage-first heap   total 524288K, used 223369K [0x00000000e0000000, 0x0000000100000000)
[2024-03-17T10:01:51.253+0000][968.016s]   region size 1024K, 196 young (200704K), 7 survivors (7168K)
[2024-03-17T10:01:51.254+0000][968.017s]  Metaspace       used 54508K, committed 54976K, reserved 1114112K
[2024-03-17T10:01:51.255+0000][968.018s]   class space    used 7074K, committed 7296K, reserved 1048576K
