[2024-03-17T19:22:01.851+0000][0.616s] Using G1
[2024-03-17T19:22:02.199+0000][0.964s] Version: 17.0.10+7 (release)
[2024-03-17T19:22:02.201+0000][0.967s] CPUs: 8 total, 8 available
[2024-03-17T19:22:02.202+0000][0.968s] Memory: 1967M
[2024-03-17T19:22:02.204+0000][0.970s] Large Page Support: Disabled
[2024-03-17T19:22:02.205+0000][0.971s] NUMA Support: Disabled
[2024-03-17T19:22:02.207+0000][0.972s] Compressed Oops: Enabled (32-bit)
[2024-03-17T19:22:02.208+0000][0.973s] Heap Region Size: 1M
[2024-03-17T19:22:02.209+0000][0.975s] Heap Min Capacity: 512M
[2024-03-17T19:22:02.211+0000][0.977s] Heap Initial Capacity: 512M
[2024-03-17T19:22:02.214+0000][0.980s] Heap Max Capacity: 512M
[2024-03-17T19:22:02.226+0000][0.992s] Pre-touch: Enabled
[2024-03-17T19:22:02.238+0000][1.004s] Parallel Workers: 8
[2024-03-17T19:22:02.239+0000][1.005s] Concurrent Workers: 2
[2024-03-17T19:22:02.243+0000][1.009s] Concurrent Refinement Workers: 8
[2024-03-17T19:22:02.246+0000][1.012s] Periodic GC: Disabled
[2024-03-17T19:22:02.264+0000][1.030s] CDS archive(s) mapped at: [0x00007f419b000000-0x00007f419ba5f000-0x00007f419ba5f000), size 10874880, SharedBaseAddress: 0x00007f419b000000, ArchiveRelocationMode: 1.
[2024-03-17T19:22:02.265+0000][1.031s] Compressed class space mapped at: 0x00007f419c000000-0x00007f41dc000000, reserved size: 1073741824
[2024-03-17T19:22:02.267+0000][1.032s] Narrow klass base: 0x00007f419b000000, Narrow klass shift: 0, Narrow klass range: 0x100000000
[2024-03-17T19:22:11.251+0000][10.017s] GC(0) Pause Young (Normal) (G1 Evacuation Pause)
[2024-03-17T19:22:11.253+0000][10.019s] GC(0) Using 8 workers of 8 for evacuation
[2024-03-17T19:22:11.327+0000][10.093s] GC(0)   Pre Evacuate Collection Set: 0.4ms
[2024-03-17T19:22:11.329+0000][10.095s] GC(0)   Merge Heap Roots: 0.1ms
[2024-03-17T19:22:11.331+0000][10.096s] GC(0)   Evacuate Collection Set: 61.0ms
[2024-03-17T19:22:11.331+0000][10.097s] GC(0)   Post Evacuate Collection Set: 10.8ms
[2024-03-17T19:22:11.339+0000][10.104s] GC(0)   Other: 4.8ms
[2024-03-17T19:22:11.341+0000][10.106s] GC(0) Eden regions: 29->0(47)
[2024-03-17T19:22:11.342+0000][10.108s] GC(0) Survivor regions: 0->4(4)
[2024-03-17T19:22:11.343+0000][10.109s] GC(0) Old regions: 0->1
[2024-03-17T19:22:11.344+0000][10.110s] GC(0) Archive regions: 2->2
[2024-03-17T19:22:11.345+0000][10.111s] GC(0) Humongous regions: 0->0
[2024-03-17T19:22:11.346+0000][10.112s] GC(0) Metaspace: 9885K(10176K)->9885K(10176K) NonClass: 8661K(8832K)->8661K(8832K) Class: 1223K(1344K)->1223K(1344K)
[2024-03-17T19:22:11.348+0000][10.114s] GC(0) Pause Young (Normal) (G1 Evacuation Pause) 29M->5M(512M) 97.230ms
[2024-03-17T19:22:11.349+0000][10.115s] GC(0) User=0.09s Sys=0.01s Real=0.10s
[2024-03-17T19:22:17.733+0000][16.499s] GC(1) Pause Young (Normal) (G1 Evacuation Pause)
[2024-03-17T19:22:17.734+0000][16.500s] GC(1) Using 8 workers of 8 for evacuation
[2024-03-17T19:22:18.526+0000][17.292s] GC(1) MMU target violated: 251.0ms (250.0ms/251.0ms)
[2024-03-17T19:22:18.537+0000][17.303s] GC(1)   Pre Evacuate Collection Set: 0.7ms
[2024-03-17T19:22:18.541+0000][17.307s] GC(1)   Merge Heap Roots: 1.4ms
[2024-03-17T19:22:18.543+0000][17.309s] GC(1)   Evacuate Collection Set: 785.7ms
[2024-03-17T19:22:18.546+0000][17.311s] GC(1)   Post Evacuate Collection Set: 1.4ms
[2024-03-17T19:22:18.548+0000][17.314s] GC(1)   Other: 15.0ms
[2024-03-17T19:22:18.548+0000][17.314s] GC(1) Eden regions: 45->0(18)
[2024-03-17T19:22:18.555+0000][17.321s] GC(1) Survivor regions: 4->7(7)
[2024-03-17T19:22:18.556+0000][17.321s] GC(1) Old regions: 1->8
[2024-03-17T19:22:18.560+0000][17.326s] GC(1) Archive regions: 2->2
[2024-03-17T19:22:18.563+0000][17.329s] GC(1) Humongous regions: 4->4
[2024-03-17T19:22:18.565+0000][17.330s] GC(1) Metaspace: 17891K(18112K)->17891K(18112K) NonClass: 15677K(15808K)->15677K(15808K) Class: 2213K(2304K)->2213K(2304K)
[2024-03-17T19:22:18.568+0000][17.333s] GC(1) Pause Young (Normal) (G1 Evacuation Pause) 54M->19M(512M) 834.729ms
[2024-03-17T19:22:18.571+0000][17.337s] GC(1) User=0.25s Sys=0.15s Real=0.84s
[2024-03-17T19:22:19.979+0000][18.745s] GC(2) Pause Young (Normal) (G1 Evacuation Pause)
[2024-03-17T19:22:19.982+0000][18.748s] GC(2) Using 8 workers of 8 for evacuation
[2024-03-17T19:22:20.141+0000][18.906s] GC(2)   Pre Evacuate Collection Set: 2.2ms
[2024-03-17T19:22:20.152+0000][18.917s] GC(2)   Merge Heap Roots: 0.2ms
[2024-03-17T19:22:20.154+0000][18.919s] GC(2)   Evacuate Collection Set: 147.2ms
[2024-03-17T19:22:20.157+0000][18.923s] GC(2)   Post Evacuate Collection Set: 7.5ms
[2024-03-17T19:22:20.165+0000][18.931s] GC(2)   Other: 4.5ms
[2024-03-17T19:22:20.167+0000][18.932s] GC(2) Eden regions: 18->0(26)
[2024-03-17T19:22:20.167+0000][18.933s] GC(2) Survivor regions: 7->4(4)
[2024-03-17T19:22:20.168+0000][18.934s] GC(2) Old regions: 8->16
[2024-03-17T19:22:20.170+0000][18.936s] GC(2) Archive regions: 2->2
[2024-03-17T19:22:20.171+0000][18.937s] GC(2) Humongous regions: 4->4
[2024-03-17T19:22:20.172+0000][18.938s] GC(2) Metaspace: 17960K(18304K)->17960K(18304K) NonClass: 15744K(15936K)->15744K(15936K) Class: 2215K(2368K)->2215K(2368K)
[2024-03-17T19:22:20.173+0000][18.939s] GC(2) Pause Young (Normal) (G1 Evacuation Pause) 37M->23M(512M) 194.473ms
[2024-03-17T19:22:20.175+0000][18.941s] GC(2) User=0.05s Sys=0.04s Real=0.20s
[2024-03-17T19:22:23.964+0000][22.710s] GC(3) Pause Young (Concurrent Start) (Metadata GC Threshold)
[2024-03-17T19:22:23.968+0000][22.714s] GC(3) Using 8 workers of 8 for evacuation
[2024-03-17T19:22:24.340+0000][23.086s] GC(3) MMU target violated: 251.0ms (250.0ms/251.0ms)
[2024-03-17T19:22:24.345+0000][23.092s] GC(3)   Pre Evacuate Collection Set: 1.4ms
[2024-03-17T19:22:24.348+0000][23.094s] GC(3)   Merge Heap Roots: 0.2ms
[2024-03-17T19:22:24.349+0000][23.095s] GC(3)   Evacuate Collection Set: 304.9ms
[2024-03-17T19:22:24.361+0000][23.107s] GC(3)   Post Evacuate Collection Set: 1.1ms
[2024-03-17T19:22:24.363+0000][23.109s] GC(3)   Other: 73.4ms
[2024-03-17T19:22:24.366+0000][23.112s] GC(3) Eden regions: 22->0(25)
[2024-03-17T19:22:24.367+0000][23.113s] GC(3) Survivor regions: 4->2(4)
[2024-03-17T19:22:24.369+0000][23.115s] GC(3) Old regions: 16->19
[2024-03-17T19:22:24.370+0000][23.116s] GC(3) Archive regions: 2->2
[2024-03-17T19:22:24.374+0000][23.120s] GC(3) Humongous regions: 4->4
[2024-03-17T19:22:24.382+0000][23.129s] GC(3) Metaspace: 21186K(21504K)->21186K(21504K) NonClass: 18569K(18688K)->18569K(18688K) Class: 2616K(2816K)->2616K(2816K)
[2024-03-17T19:22:24.384+0000][23.130s] GC(3) Pause Young (Concurrent Start) (Metadata GC Threshold) 45M->24M(512M) 419.922ms
[2024-03-17T19:22:24.402+0000][23.148s] GC(3) User=0.15s Sys=0.06s Real=0.43s
[2024-03-17T19:22:24.447+0000][23.193s] GC(4) Concurrent Mark Cycle
[2024-03-17T19:22:24.494+0000][23.240s] GC(4) Concurrent Clear Claimed Marks
[2024-03-17T19:22:24.506+0000][23.252s] GC(4) Concurrent Clear Claimed Marks 11.910ms
[2024-03-17T19:22:24.506+0000][23.253s] GC(4) Concurrent Scan Root Regions
[2024-03-17T19:22:24.598+0000][23.344s] GC(4) Concurrent Scan Root Regions 91.451ms
[2024-03-17T19:22:24.601+0000][23.348s] GC(4) Concurrent Mark
[2024-03-17T19:22:24.602+0000][23.348s] GC(4) Concurrent Mark From Roots
[2024-03-17T19:22:24.603+0000][23.349s] GC(4) Using 2 workers of 2 for marking
[2024-03-17T19:22:24.720+0000][23.466s] GC(4) Concurrent Mark From Roots 117.490ms
[2024-03-17T19:22:24.721+0000][23.468s] GC(4) Concurrent Preclean
[2024-03-17T19:22:24.739+0000][23.485s] GC(4) Concurrent Preclean 17.137ms
[2024-03-17T19:22:24.751+0000][23.497s] GC(4) Pause Remark
[2024-03-17T19:22:24.794+0000][23.541s] GC(4) Pause Remark 26M->26M(512M) 43.672ms
[2024-03-17T19:22:24.797+0000][23.543s] GC(4) User=0.05s Sys=0.01s Real=0.05s
[2024-03-17T19:22:24.800+0000][23.546s] GC(4) Concurrent Mark 198.294ms
[2024-03-17T19:22:24.801+0000][23.547s] GC(4) Concurrent Rebuild Remembered Sets
[2024-03-17T19:22:24.832+0000][23.579s] GC(4) Concurrent Rebuild Remembered Sets 31.219ms
[2024-03-17T19:22:24.837+0000][23.583s] GC(4) Pause Cleanup
[2024-03-17T19:22:24.842+0000][23.589s] GC(4) Pause Cleanup 26M->26M(512M) 5.624ms
[2024-03-17T19:22:24.844+0000][23.590s] GC(4) User=0.01s Sys=0.00s Real=0.01s
[2024-03-17T19:22:24.850+0000][23.597s] GC(4) Concurrent Cleanup for Next Mark
[2024-03-17T19:22:26.245+0000][24.992s] GC(4) Concurrent Cleanup for Next Mark 1394.923ms
[2024-03-17T19:22:26.251+0000][24.997s] GC(4) Concurrent Mark Cycle 1804.483ms
[2024-03-17T19:22:28.155+0000][26.902s] GC(5) Pause Young (Normal) (G1 Evacuation Pause)
[2024-03-17T19:22:28.161+0000][26.907s] GC(5) Using 8 workers of 8 for evacuation
[2024-03-17T19:22:28.186+0000][26.933s] GC(5)   Pre Evacuate Collection Set: 0.3ms
[2024-03-17T19:22:28.189+0000][26.935s] GC(5)   Merge Heap Roots: 0.1ms
[2024-03-17T19:22:28.191+0000][26.937s] GC(5)   Evacuate Collection Set: 22.1ms
[2024-03-17T19:22:28.196+0000][26.942s] GC(5)   Post Evacuate Collection Set: 1.0ms
[2024-03-17T19:22:28.198+0000][26.944s] GC(5)   Other: 7.9ms
[2024-03-17T19:22:28.199+0000][26.945s] GC(5) Eden regions: 27->0(38)
[2024-03-17T19:22:28.202+0000][26.948s] GC(5) Survivor regions: 2->2(4)
[2024-03-17T19:22:28.208+0000][26.954s] GC(5) Old regions: 19->19
[2024-03-17T19:22:28.210+0000][26.956s] GC(5) Archive regions: 2->2
[2024-03-17T19:22:28.212+0000][26.958s] GC(5) Humongous regions: 4->4
[2024-03-17T19:22:28.213+0000][26.959s] GC(5) Metaspace: 24016K(24320K)->24016K(24320K) NonClass: 20995K(21120K)->20995K(21120K) Class: 3021K(3200K)->3021K(3200K)
[2024-03-17T19:22:28.214+0000][26.960s] GC(5) Pause Young (Normal) (G1 Evacuation Pause) 51M->24M(512M) 58.542ms
[2024-03-17T19:22:28.216+0000][26.963s] GC(5) User=0.03s Sys=0.01s Real=0.06s
[2024-03-17T19:22:33.527+0000][32.274s] GC(6) Pause Young (Normal) (G1 Evacuation Pause)
[2024-03-17T19:22:33.529+0000][32.276s] GC(6) Using 8 workers of 8 for evacuation
[2024-03-17T19:22:33.615+0000][32.362s] GC(6)   Pre Evacuate Collection Set: 1.8ms
[2024-03-17T19:22:33.617+0000][32.363s] GC(6)   Merge Heap Roots: 5.8ms
[2024-03-17T19:22:33.617+0000][32.364s] GC(6)   Evacuate Collection Set: 73.9ms
[2024-03-17T19:22:33.619+0000][32.365s] GC(6)   Post Evacuate Collection Set: 3.4ms
[2024-03-17T19:22:33.621+0000][32.367s] GC(6)   Other: 3.3ms
[2024-03-17T19:22:33.625+0000][32.371s] GC(6) Eden regions: 38->0(37)
[2024-03-17T19:22:33.629+0000][32.375s] GC(6) Survivor regions: 2->5(5)
[2024-03-17T19:22:33.632+0000][32.378s] GC(6) Old regions: 19->19
[2024-03-17T19:22:33.637+0000][32.384s] GC(6) Archive regions: 2->2
[2024-03-17T19:22:33.649+0000][32.395s] GC(6) Humongous regions: 4->4
[2024-03-17T19:22:33.651+0000][32.398s] GC(6) Metaspace: 32084K(32448K)->32084K(32448K) NonClass: 28108K(28288K)->28108K(28288K) Class: 3976K(4160K)->3976K(4160K)
[2024-03-17T19:22:33.654+0000][32.400s] GC(6) Pause Young (Normal) (G1 Evacuation Pause) 62M->27M(512M) 126.820ms
[2024-03-17T19:22:33.655+0000][32.402s] GC(6) User=0.18s Sys=0.02s Real=0.13s
[2024-03-17T19:22:40.797+0000][39.544s] GC(7) Pause Young (Concurrent Start) (Metadata GC Threshold)
[2024-03-17T19:22:40.799+0000][39.545s] GC(7) Using 8 workers of 8 for evacuation
[2024-03-17T19:22:40.987+0000][39.733s] GC(7)   Pre Evacuate Collection Set: 0.3ms
[2024-03-17T19:22:40.989+0000][39.736s] GC(7)   Merge Heap Roots: 0.2ms
[2024-03-17T19:22:40.992+0000][39.738s] GC(7)   Evacuate Collection Set: 114.1ms
[2024-03-17T19:22:40.994+0000][39.740s] GC(7)   Post Evacuate Collection Set: 6.3ms
[2024-03-17T19:22:40.995+0000][39.741s] GC(7)   Other: 68.4ms
[2024-03-17T19:22:40.997+0000][39.743s] GC(7) Eden regions: 29->0(25)
[2024-03-17T19:22:40.998+0000][39.745s] GC(7) Survivor regions: 5->6(6)
[2024-03-17T19:22:40.999+0000][39.746s] GC(7) Old regions: 19->20
[2024-03-17T19:22:41.000+0000][39.747s] GC(7) Archive regions: 2->2
[2024-03-17T19:22:41.002+0000][39.748s] GC(7) Humongous regions: 4->4
[2024-03-17T19:22:41.003+0000][39.749s] GC(7) Metaspace: 35953K(36288K)->35953K(36288K) NonClass: 31410K(31552K)->31410K(31552K) Class: 4543K(4736K)->4543K(4736K)
[2024-03-17T19:22:41.012+0000][39.758s] GC(7) Pause Young (Concurrent Start) (Metadata GC Threshold) 56M->30M(512M) 214.589ms
[2024-03-17T19:22:41.014+0000][39.760s] GC(7) User=0.09s Sys=0.05s Real=0.22s
[2024-03-17T19:22:41.019+0000][39.766s] GC(8) Concurrent Mark Cycle
[2024-03-17T19:22:41.023+0000][39.769s] GC(8) Concurrent Clear Claimed Marks
[2024-03-17T19:22:41.025+0000][39.771s] GC(8) Concurrent Clear Claimed Marks 2.168ms
[2024-03-17T19:22:41.038+0000][39.784s] GC(8) Concurrent Scan Root Regions
[2024-03-17T19:22:41.055+0000][39.801s] GC(8) Concurrent Scan Root Regions 16.933ms
[2024-03-17T19:22:41.059+0000][39.805s] GC(8) Concurrent Mark
[2024-03-17T19:22:41.061+0000][39.807s] GC(8) Concurrent Mark From Roots
[2024-03-17T19:22:41.064+0000][39.810s] GC(8) Using 2 workers of 2 for marking
[2024-03-17T19:22:41.146+0000][39.892s] GC(8) Concurrent Mark From Roots 85.236ms
[2024-03-17T19:22:41.148+0000][39.895s] GC(8) Concurrent Preclean
[2024-03-17T19:22:41.154+0000][39.900s] GC(8) Concurrent Preclean 5.619ms
[2024-03-17T19:22:41.159+0000][39.906s] GC(8) Pause Remark
[2024-03-17T19:22:41.182+0000][39.929s] GC(8) Pause Remark 31M->31M(512M) 22.813ms
[2024-03-17T19:22:41.185+0000][39.931s] GC(8) User=0.03s Sys=0.00s Real=0.03s
[2024-03-17T19:22:41.188+0000][39.934s] GC(8) Concurrent Mark 130.303ms
[2024-03-17T19:22:41.190+0000][39.936s] GC(8) Concurrent Rebuild Remembered Sets
[2024-03-17T19:22:41.216+0000][39.962s] GC(8) Concurrent Rebuild Remembered Sets 25.437ms
[2024-03-17T19:22:41.218+0000][39.964s] GC(8) Pause Cleanup
[2024-03-17T19:22:41.220+0000][39.966s] GC(8) Pause Cleanup 32M->32M(512M) 2.002ms
[2024-03-17T19:22:41.222+0000][39.968s] GC(8) User=0.00s Sys=0.00s Real=0.00s
[2024-03-17T19:22:41.234+0000][39.981s] GC(8) Concurrent Cleanup for Next Mark
[2024-03-17T19:22:42.988+0000][41.735s] GC(8) Concurrent Cleanup for Next Mark 1754.219ms
[2024-03-17T19:22:42.993+0000][41.739s] GC(8) Concurrent Mark Cycle 1973.807ms
[2024-03-17T19:22:43.867+0000][42.614s] GC(9) Pause Young (Normal) (G1 Evacuation Pause)
[2024-03-17T19:22:43.869+0000][42.615s] GC(9) Using 8 workers of 8 for evacuation
[2024-03-17T19:22:43.984+0000][42.731s] GC(9)   Pre Evacuate Collection Set: 0.3ms
[2024-03-17T19:22:43.985+0000][42.732s] GC(9)   Merge Heap Roots: 0.2ms
[2024-03-17T19:22:43.988+0000][42.734s] GC(9)   Evacuate Collection Set: 109.1ms
[2024-03-17T19:22:43.990+0000][42.737s] GC(9)   Post Evacuate Collection Set: 4.0ms
[2024-03-17T19:22:43.993+0000][42.739s] GC(9)   Other: 3.2ms
[2024-03-17T19:22:43.997+0000][42.743s] GC(9) Eden regions: 29->0(53)
[2024-03-17T19:22:43.998+0000][42.744s] GC(9) Survivor regions: 6->3(5)
[2024-03-17T19:22:44.000+0000][42.746s] GC(9) Old regions: 20->26
[2024-03-17T19:22:44.001+0000][42.747s] GC(9) Archive regions: 2->2
[2024-03-17T19:22:44.002+0000][42.748s] GC(9) Humongous regions: 4->4
[2024-03-17T19:22:44.005+0000][42.751s] GC(9) Metaspace: 40495K(40896K)->40495K(40896K) NonClass: 35314K(35520K)->35314K(35520K) Class: 5181K(5376K)->5181K(5376K)
[2024-03-17T19:22:44.008+0000][42.754s] GC(9) Pause Young (Normal) (G1 Evacuation Pause) 59M->32M(512M) 140.102ms
[2024-03-17T19:22:44.011+0000][42.757s] GC(9) User=0.07s Sys=0.03s Real=0.14s
[2024-03-17T19:22:52.653+0000][51.400s] GC(10) Pause Young (Normal) (G1 Evacuation Pause)
[2024-03-17T19:22:52.666+0000][51.413s] GC(10) Using 8 workers of 8 for evacuation
[2024-03-17T19:22:52.856+0000][51.602s] GC(10)   Pre Evacuate Collection Set: 0.4ms
[2024-03-17T19:22:52.880+0000][51.627s] GC(10)   Merge Heap Roots: 0.3ms
[2024-03-17T19:22:52.881+0000][51.628s] GC(10)   Evacuate Collection Set: 174.5ms
[2024-03-17T19:22:52.882+0000][51.629s] GC(10)   Post Evacuate Collection Set: 4.8ms
[2024-03-17T19:22:52.883+0000][51.630s] GC(10)   Other: 24.0ms
[2024-03-17T19:22:52.886+0000][51.633s] GC(10) Eden regions: 53->0(32)
[2024-03-17T19:22:52.890+0000][51.636s] GC(10) Survivor regions: 3->6(7)
[2024-03-17T19:22:52.890+0000][51.637s] GC(10) Old regions: 26->26
[2024-03-17T19:22:52.891+0000][51.638s] GC(10) Archive regions: 2->2
[2024-03-17T19:22:52.893+0000][51.640s] GC(10) Humongous regions: 4->4
[2024-03-17T19:22:52.894+0000][51.641s] GC(10) Metaspace: 45083K(45568K)->45083K(45568K) NonClass: 39260K(39488K)->39260K(39488K) Class: 5822K(6080K)->5822K(6080K)
[2024-03-17T19:22:52.896+0000][51.642s] GC(10) Pause Young (Normal) (G1 Evacuation Pause) 85M->35M(512M) 242.781ms
[2024-03-17T19:22:52.901+0000][51.648s] GC(10) User=0.06s Sys=0.04s Real=0.25s
[2024-03-17T19:22:55.761+0000][54.508s] GC(11) Pause Young (Normal) (G1 Evacuation Pause)
[2024-03-17T19:22:55.843+0000][54.590s] GC(11) Using 8 workers of 8 for evacuation
[2024-03-17T19:22:55.995+0000][54.742s] GC(11)   Pre Evacuate Collection Set: 2.0ms
[2024-03-17T19:22:55.997+0000][54.743s] GC(11)   Merge Heap Roots: 2.1ms
[2024-03-17T19:22:55.997+0000][54.744s] GC(11)   Evacuate Collection Set: 127.2ms
[2024-03-17T19:22:55.998+0000][54.745s] GC(11)   Post Evacuate Collection Set: 12.9ms
[2024-03-17T19:22:56.003+0000][54.749s] GC(11)   Other: 91.9ms
[2024-03-17T19:22:56.009+0000][54.756s] GC(11) Eden regions: 32->0(36)
[2024-03-17T19:22:56.011+0000][54.758s] GC(11) Survivor regions: 6->5(5)
[2024-03-17T19:22:56.012+0000][54.759s] GC(11) Old regions: 26->32
[2024-03-17T19:22:56.013+0000][54.760s] GC(11) Archive regions: 2->2
[2024-03-17T19:22:56.014+0000][54.761s] GC(11) Humongous regions: 4->4
[2024-03-17T19:22:56.017+0000][54.764s] GC(11) Metaspace: 47735K(48128K)->47735K(48128K) NonClass: 41654K(41856K)->41654K(41856K) Class: 6080K(6272K)->6080K(6272K)
[2024-03-17T19:22:56.023+0000][54.770s] GC(11) Pause Young (Normal) (G1 Evacuation Pause) 67M->41M(512M) 261.797ms
[2024-03-17T19:22:56.027+0000][54.774s] GC(11) User=0.13s Sys=0.06s Real=0.27s
[2024-03-17T19:24:57.040+0000][175.924s] Heap
[2024-03-17T19:24:57.044+0000][175.928s]  garbage-first heap   total 524288K, used 75883K [0x00000000e0000000, 0x0000000100000000)
[2024-03-17T19:24:57.046+0000][175.929s]   region size 1024K, 38 young (38912K), 5 survivors (5120K)
[2024-03-17T19:24:57.048+0000][175.932s]  Metaspace       used 50783K, committed 51328K, reserved 1114112K
[2024-03-17T19:24:57.049+0000][175.933s]   class space    used 6527K, committed 6784K, reserved 1048576K
